<?xml version="1.0"?>
<link_info>
   <banner>TMS320C2000 Linker PC v17.6.0.STS</banner>
   <copyright>Copyright (c) 1996-2017 Texas Instruments Incorporated</copyright>
   <link_time>0x5a38a528</link_time>
   <link_errors>0x0</link_errors>
   <output_file>Inverter.out</output_file>
   <entry_point>
      <name>_c_int00</name>
      <address>0x3ea889</address>
   </entry_point>
   <input_file_list>
      <input_file id="fl-2">
         <path>.\SFRA\</path>
         <kind>object</kind>
         <file>SciCommsGui_32bit.obj</file>
         <name>SciCommsGui_32bit.obj</name>
      </input_file>
      <input_file id="fl-3">
         <path>.\SGEN\source\C28x_SGEN_LIB\</path>
         <kind>object</kind>
         <file>SINTB360.obj</file>
         <name>SINTB360.obj</name>
      </input_file>
      <input_file id="fl-4">
         <path>.\SGEN\source\C28x_SGEN_LIB\</path>
         <kind>object</kind>
         <file>profilec.obj</file>
         <name>profilec.obj</name>
      </input_file>
      <input_file id="fl-5">
         <path>.\SGEN\source\C28x_SGEN_LIB\</path>
         <kind>object</kind>
         <file>rampgc.obj</file>
         <name>rampgc.obj</name>
      </input_file>
      <input_file id="fl-6">
         <path>.\SGEN\source\C28x_SGEN_LIB\</path>
         <kind>object</kind>
         <file>sghp1c.obj</file>
         <name>sghp1c.obj</name>
      </input_file>
      <input_file id="fl-7">
         <path>.\SGEN\source\C28x_SGEN_LIB\</path>
         <kind>object</kind>
         <file>sghp2c.obj</file>
         <name>sghp2c.obj</name>
      </input_file>
      <input_file id="fl-8">
         <path>.\SGEN\source\C28x_SGEN_LIB\</path>
         <kind>object</kind>
         <file>sgt1c.obj</file>
         <name>sgt1c.obj</name>
      </input_file>
      <input_file id="fl-9">
         <path>.\SGEN\source\C28x_SGEN_LIB\</path>
         <kind>object</kind>
         <file>sgt2c.obj</file>
         <name>sgt2c.obj</name>
      </input_file>
      <input_file id="fl-a">
         <path>.\SGEN\source\C28x_SGEN_LIB\</path>
         <kind>object</kind>
         <file>sgt3c.obj</file>
         <name>sgt3c.obj</name>
      </input_file>
      <input_file id="fl-b">
         <path>.\SGEN\source\C28x_SGEN_LIB\</path>
         <kind>object</kind>
         <file>sgt3dc.obj</file>
         <name>sgt3dc.obj</name>
      </input_file>
      <input_file id="fl-c">
         <path>.\SGEN\source\C28x_SGEN_LIB\</path>
         <kind>object</kind>
         <file>sgti1c.obj</file>
         <name>sgti1c.obj</name>
      </input_file>
      <input_file id="fl-d">
         <path>.\SGEN\source\C28x_SGEN_LIB\</path>
         <kind>object</kind>
         <file>sgti2c.obj</file>
         <name>sgti2c.obj</name>
      </input_file>
      <input_file id="fl-e">
         <path>.\SGEN\source\C28x_SGEN_LIB\</path>
         <kind>object</kind>
         <file>sgti3c.obj</file>
         <name>sgti3c.obj</name>
      </input_file>
      <input_file id="fl-f">
         <path>.\SGEN\source\C28x_SGEN_LIB\</path>
         <kind>object</kind>
         <file>sgti3dc.obj</file>
         <name>sgti3dc.obj</name>
      </input_file>
      <input_file id="fl-10">
         <path>.\SGEN\source\C28x_SGEN_LIB\</path>
         <kind>object</kind>
         <file>tzdlgc.obj</file>
         <name>tzdlgc.obj</name>
      </input_file>
      <input_file id="fl-11">
         <path>.\UserSource\</path>
         <kind>object</kind>
         <file>F2803XAdcProcess.obj</file>
         <name>F2803XAdcProcess.obj</name>
      </input_file>
      <input_file id="fl-12">
         <path>.\UserSource\</path>
         <kind>object</kind>
         <file>F2803XDevInit.obj</file>
         <name>F2803XDevInit.obj</name>
      </input_file>
      <input_file id="fl-13">
         <path>.\UserSource\</path>
         <kind>object</kind>
         <file>F2803XEpwmProcess.obj</file>
         <name>F2803XEpwmProcess.obj</name>
      </input_file>
      <input_file id="fl-14">
         <path>.\UserSource\</path>
         <kind>object</kind>
         <file>F2803XGpioProcess.obj</file>
         <name>F2803XGpioProcess.obj</name>
      </input_file>
      <input_file id="fl-15">
         <path>.\UserSource\</path>
         <kind>object</kind>
         <file>F2803XI2CProcess.obj</file>
         <name>F2803XI2CProcess.obj</name>
      </input_file>
      <input_file id="fl-16">
         <path>.\UserSource\</path>
         <kind>object</kind>
         <file>F2803XSpiProcess.obj</file>
         <name>F2803XSpiProcess.obj</name>
      </input_file>
      <input_file id="fl-17">
         <path>.\UserSource\</path>
         <kind>object</kind>
         <file>F2803XT0Process.obj</file>
         <name>F2803XT0Process.obj</name>
      </input_file>
      <input_file id="fl-18">
         <path>.\UserSource\</path>
         <kind>object</kind>
         <file>FaultsManage.obj</file>
         <name>FaultsManage.obj</name>
      </input_file>
      <input_file id="fl-19">
         <path>.\UserSource\</path>
         <kind>object</kind>
         <file>GlobalVariable.obj</file>
         <name>GlobalVariable.obj</name>
      </input_file>
      <input_file id="fl-1a">
         <path>.\UserSource\</path>
         <kind>object</kind>
         <file>SoftstartGen.obj</file>
         <name>SoftstartGen.obj</name>
      </input_file>
      <input_file id="fl-1b">
         <path>.\UserSource\</path>
         <kind>object</kind>
         <file>SystemManage.obj</file>
         <name>SystemManage.obj</name>
      </input_file>
      <input_file id="fl-1c">
         <path>.\UserSource\</path>
         <kind>object</kind>
         <file>pid_reg3.obj</file>
         <name>pid_reg3.obj</name>
      </input_file>
      <input_file id="fl-1d">
         <path>.\UserSource\</path>
         <kind>object</kind>
         <file>voltagesourceinvlcfltr.obj</file>
         <name>voltagesourceinvlcfltr.obj</name>
      </input_file>
      <input_file id="fl-1e">
         <path>.\common\source\</path>
         <kind>object</kind>
         <file>DSP2803x_Adc.obj</file>
         <name>DSP2803x_Adc.obj</name>
      </input_file>
      <input_file id="fl-1f">
         <path>.\common\source\</path>
         <kind>object</kind>
         <file>DSP2803x_CSMPasswords.obj</file>
         <name>DSP2803x_CSMPasswords.obj</name>
      </input_file>
      <input_file id="fl-20">
         <path>.\common\source\</path>
         <kind>object</kind>
         <file>DSP2803x_CodeStartBranch.obj</file>
         <name>DSP2803x_CodeStartBranch.obj</name>
      </input_file>
      <input_file id="fl-21">
         <path>.\common\source\</path>
         <kind>object</kind>
         <file>DSP2803x_Comp.obj</file>
         <name>DSP2803x_Comp.obj</name>
      </input_file>
      <input_file id="fl-22">
         <path>.\common\source\</path>
         <kind>object</kind>
         <file>DSP2803x_CpuTimers.obj</file>
         <name>DSP2803x_CpuTimers.obj</name>
      </input_file>
      <input_file id="fl-23">
         <path>.\common\source\</path>
         <kind>object</kind>
         <file>DSP2803x_DBGIER.obj</file>
         <name>DSP2803x_DBGIER.obj</name>
      </input_file>
      <input_file id="fl-24">
         <path>.\common\source\</path>
         <kind>object</kind>
         <file>DSP2803x_DefaultIsr.obj</file>
         <name>DSP2803x_DefaultIsr.obj</name>
      </input_file>
      <input_file id="fl-25">
         <path>.\common\source\</path>
         <kind>object</kind>
         <file>DSP2803x_DisInt.obj</file>
         <name>DSP2803x_DisInt.obj</name>
      </input_file>
      <input_file id="fl-26">
         <path>.\common\source\</path>
         <kind>object</kind>
         <file>DSP2803x_ECan.obj</file>
         <name>DSP2803x_ECan.obj</name>
      </input_file>
      <input_file id="fl-27">
         <path>.\common\source\</path>
         <kind>object</kind>
         <file>DSP2803x_ECap.obj</file>
         <name>DSP2803x_ECap.obj</name>
      </input_file>
      <input_file id="fl-28">
         <path>.\common\source\</path>
         <kind>object</kind>
         <file>DSP2803x_EPwm.obj</file>
         <name>DSP2803x_EPwm.obj</name>
      </input_file>
      <input_file id="fl-29">
         <path>.\common\source\</path>
         <kind>object</kind>
         <file>DSP2803x_EQep.obj</file>
         <name>DSP2803x_EQep.obj</name>
      </input_file>
      <input_file id="fl-2a">
         <path>.\common\source\</path>
         <kind>object</kind>
         <file>DSP2803x_Gpio.obj</file>
         <name>DSP2803x_Gpio.obj</name>
      </input_file>
      <input_file id="fl-2b">
         <path>.\common\source\</path>
         <kind>object</kind>
         <file>DSP2803x_HRCap.obj</file>
         <name>DSP2803x_HRCap.obj</name>
      </input_file>
      <input_file id="fl-2c">
         <path>.\common\source\</path>
         <kind>object</kind>
         <file>DSP2803x_I2C.obj</file>
         <name>DSP2803x_I2C.obj</name>
      </input_file>
      <input_file id="fl-2d">
         <path>.\common\source\</path>
         <kind>object</kind>
         <file>DSP2803x_Lin.obj</file>
         <name>DSP2803x_Lin.obj</name>
      </input_file>
      <input_file id="fl-2e">
         <path>.\common\source\</path>
         <kind>object</kind>
         <file>DSP2803x_OscComp.obj</file>
         <name>DSP2803x_OscComp.obj</name>
      </input_file>
      <input_file id="fl-2f">
         <path>.\common\source\</path>
         <kind>object</kind>
         <file>DSP2803x_PieCtrl.obj</file>
         <name>DSP2803x_PieCtrl.obj</name>
      </input_file>
      <input_file id="fl-30">
         <path>.\common\source\</path>
         <kind>object</kind>
         <file>DSP2803x_PieVect.obj</file>
         <name>DSP2803x_PieVect.obj</name>
      </input_file>
      <input_file id="fl-31">
         <path>.\common\source\</path>
         <kind>object</kind>
         <file>DSP2803x_Sci.obj</file>
         <name>DSP2803x_Sci.obj</name>
      </input_file>
      <input_file id="fl-32">
         <path>.\common\source\</path>
         <kind>object</kind>
         <file>DSP2803x_Spi.obj</file>
         <name>DSP2803x_Spi.obj</name>
      </input_file>
      <input_file id="fl-33">
         <path>.\common\source\</path>
         <kind>object</kind>
         <file>DSP2803x_SysCtrl.obj</file>
         <name>DSP2803x_SysCtrl.obj</name>
      </input_file>
      <input_file id="fl-34">
         <path>.\common\source\</path>
         <kind>object</kind>
         <file>DSP2803x_TempSensorConv.obj</file>
         <name>DSP2803x_TempSensorConv.obj</name>
      </input_file>
      <input_file id="fl-35">
         <path>.\common\source\</path>
         <kind>object</kind>
         <file>DSP2803x_usDelay.obj</file>
         <name>DSP2803x_usDelay.obj</name>
      </input_file>
      <input_file id="fl-36">
         <path>.\headers\source\</path>
         <kind>object</kind>
         <file>DSP2803x_GlobalVariableDefs.obj</file>
         <name>DSP2803x_GlobalVariableDefs.obj</name>
      </input_file>
      <input_file id="fl-37">
         <path>.\solar\v1.2\IQ\source\</path>
         <kind>object</kind>
         <file>CNTL_2P2Z_IQ.obj</file>
         <name>CNTL_2P2Z_IQ.obj</name>
      </input_file>
      <input_file id="fl-38">
         <path>.\solar\v1.2\IQ\source\</path>
         <kind>object</kind>
         <file>CNTL_2P2Z_IQ_ASM.obj</file>
         <name>CNTL_2P2Z_IQ_ASM.obj</name>
      </input_file>
      <input_file id="fl-39">
         <path>.\solar\v1.2\IQ\source\</path>
         <kind>object</kind>
         <file>CNTL_3P3Z_IQ.obj</file>
         <name>CNTL_3P3Z_IQ.obj</name>
      </input_file>
      <input_file id="fl-3a">
         <path>.\solar\v1.2\IQ\source\</path>
         <kind>object</kind>
         <file>CNTL_3P3Z_IQ_ASM.obj</file>
         <name>CNTL_3P3Z_IQ_ASM.obj</name>
      </input_file>
      <input_file id="fl-3b">
         <path>.\solar\v1.2\IQ\source\</path>
         <kind>object</kind>
         <file>CNTL_PI_IQ.obj</file>
         <name>CNTL_PI_IQ.obj</name>
      </input_file>
      <input_file id="fl-3c">
         <path>.\solar\v1.2\IQ\source\</path>
         <kind>object</kind>
         <file>RAMPGEN_IQ.obj</file>
         <name>RAMPGEN_IQ.obj</name>
      </input_file>
      <input_file id="fl-3d">
         <path>.\solar\v1.2\IQ\source\</path>
         <kind>object</kind>
         <file>SINEANALYZER_DIFF_IQ.obj</file>
         <name>SINEANALYZER_DIFF_IQ.obj</name>
      </input_file>
      <input_file id="fl-3e">
         <path>.\solar\v1.2\IQ\source\</path>
         <kind>object</kind>
         <file>SINEANALYZER_DIFF_wPWR_IQ.obj</file>
         <name>SINEANALYZER_DIFF_wPWR_IQ.obj</name>
      </input_file>
      <input_file id="fl-51">
         <kind>object</kind>
         <file>&lt;internal&gt;</file>
         <name>&lt;internal&gt;</name>
      </input_file>
      <input_file id="fl-52">
         <path>C:\ti\17.6.0\lib\</path>
         <kind>archive</kind>
         <file>rts2800_ml.lib</file>
         <name>s_tanf.obj</name>
      </input_file>
      <input_file id="fl-53">
         <path>C:\ti\17.6.0\lib\</path>
         <kind>archive</kind>
         <file>rts2800_ml.lib</file>
         <name>boot28.obj</name>
      </input_file>
      <input_file id="fl-54">
         <path>C:\ti\17.6.0\lib\</path>
         <kind>archive</kind>
         <file>rts2800_ml.lib</file>
         <name>fd_add28.obj</name>
      </input_file>
      <input_file id="fl-55">
         <path>C:\ti\17.6.0\lib\</path>
         <kind>archive</kind>
         <file>rts2800_ml.lib</file>
         <name>fd_div28.obj</name>
      </input_file>
      <input_file id="fl-56">
         <path>C:\ti\17.6.0\lib\</path>
         <kind>archive</kind>
         <file>rts2800_ml.lib</file>
         <name>fd_mpy28.obj</name>
      </input_file>
      <input_file id="fl-57">
         <path>C:\ti\17.6.0\lib\</path>
         <kind>archive</kind>
         <file>rts2800_ml.lib</file>
         <name>fd_neg28.obj</name>
      </input_file>
      <input_file id="fl-58">
         <path>C:\ti\17.6.0\lib\</path>
         <kind>archive</kind>
         <file>rts2800_ml.lib</file>
         <name>fd_sub28.obj</name>
      </input_file>
      <input_file id="fl-59">
         <path>C:\ti\17.6.0\lib\</path>
         <kind>archive</kind>
         <file>rts2800_ml.lib</file>
         <name>fd_tol28.obj</name>
      </input_file>
      <input_file id="fl-5a">
         <path>C:\ti\17.6.0\lib\</path>
         <kind>archive</kind>
         <file>rts2800_ml.lib</file>
         <name>fs_add28.obj</name>
      </input_file>
      <input_file id="fl-5b">
         <path>C:\ti\17.6.0\lib\</path>
         <kind>archive</kind>
         <file>rts2800_ml.lib</file>
         <name>fs_cmp28.obj</name>
      </input_file>
      <input_file id="fl-5c">
         <path>C:\ti\17.6.0\lib\</path>
         <kind>archive</kind>
         <file>rts2800_ml.lib</file>
         <name>fs_div28.obj</name>
      </input_file>
      <input_file id="fl-5d">
         <path>C:\ti\17.6.0\lib\</path>
         <kind>archive</kind>
         <file>rts2800_ml.lib</file>
         <name>fs_mpy28.obj</name>
      </input_file>
      <input_file id="fl-5e">
         <path>C:\ti\17.6.0\lib\</path>
         <kind>archive</kind>
         <file>rts2800_ml.lib</file>
         <name>fs_neg28.obj</name>
      </input_file>
      <input_file id="fl-5f">
         <path>C:\ti\17.6.0\lib\</path>
         <kind>archive</kind>
         <file>rts2800_ml.lib</file>
         <name>fs_toi28.obj</name>
      </input_file>
      <input_file id="fl-60">
         <path>C:\ti\17.6.0\lib\</path>
         <kind>archive</kind>
         <file>rts2800_ml.lib</file>
         <name>fs_tol28.obj</name>
      </input_file>
      <input_file id="fl-61">
         <path>C:\ti\17.6.0\lib\</path>
         <kind>archive</kind>
         <file>rts2800_ml.lib</file>
         <name>u_tofd28.obj</name>
      </input_file>
      <input_file id="fl-62">
         <path>C:\ti\17.6.0\lib\</path>
         <kind>archive</kind>
         <file>rts2800_ml.lib</file>
         <name>l_tofd28.obj</name>
      </input_file>
      <input_file id="fl-63">
         <path>C:\ti\17.6.0\lib\</path>
         <kind>archive</kind>
         <file>rts2800_ml.lib</file>
         <name>l_div28.obj</name>
      </input_file>
      <input_file id="fl-64">
         <path>C:\ti\17.6.0\lib\</path>
         <kind>archive</kind>
         <file>rts2800_ml.lib</file>
         <name>fs_tofd28.obj</name>
      </input_file>
      <input_file id="fl-65">
         <path>C:\ti\17.6.0\lib\</path>
         <kind>archive</kind>
         <file>rts2800_ml.lib</file>
         <name>fd_tofs28.obj</name>
      </input_file>
      <input_file id="fl-66">
         <path>C:\ti\17.6.0\lib\</path>
         <kind>archive</kind>
         <file>rts2800_ml.lib</file>
         <name>cpy_tbl.obj</name>
      </input_file>
      <input_file id="fl-67">
         <path>C:\ti\17.6.0\lib\</path>
         <kind>archive</kind>
         <file>rts2800_ml.lib</file>
         <name>memcpy.obj</name>
      </input_file>
      <input_file id="fl-68">
         <path>C:\ti\17.6.0\lib\</path>
         <kind>archive</kind>
         <file>rts2800_ml.lib</file>
         <name>pre_init.obj</name>
      </input_file>
      <input_file id="fl-69">
         <path>C:\ti\17.6.0\lib\</path>
         <kind>archive</kind>
         <file>rts2800_ml.lib</file>
         <name>startup.obj</name>
      </input_file>
      <input_file id="fl-6a">
         <path>C:\ti\17.6.0\lib\</path>
         <kind>archive</kind>
         <file>rts2800_ml.lib</file>
         <name>errno.obj</name>
      </input_file>
      <input_file id="fl-6b">
         <path>C:\ti\17.6.0\lib\</path>
         <kind>archive</kind>
         <file>rts2800_ml.lib</file>
         <name>exit.obj</name>
      </input_file>
      <input_file id="fl-6c">
         <path>C:\ti\17.6.0\lib\</path>
         <kind>archive</kind>
         <file>rts2800_ml.lib</file>
         <name>_lock.obj</name>
      </input_file>
      <input_file id="fl-6d">
         <path>C:\ti\17.6.0\lib\</path>
         <kind>archive</kind>
         <file>rts2800_ml.lib</file>
         <name>args_main.obj</name>
      </input_file>
      <input_file id="fl-6e">
         <path>C:\ti\17.6.0\lib\</path>
         <kind>archive</kind>
         <file>rts2800_ml.lib</file>
         <name>k_rem_pio2.obj</name>
      </input_file>
      <input_file id="fl-6f">
         <path>C:\ti\17.6.0\lib\</path>
         <kind>archive</kind>
         <file>rts2800_ml.lib</file>
         <name>s_floor.obj</name>
      </input_file>
      <input_file id="fl-70">
         <path>C:\ti\17.6.0\lib\</path>
         <kind>archive</kind>
         <file>rts2800_ml.lib</file>
         <name>s_scalbn.obj</name>
      </input_file>
      <input_file id="fl-71">
         <path>C:\ti\17.6.0\lib\</path>
         <kind>archive</kind>
         <file>rts2800_ml.lib</file>
         <name>fd_cmp28.obj</name>
      </input_file>
      <input_file id="fl-72">
         <path>C:\ti\17.6.0\lib\</path>
         <kind>archive</kind>
         <file>rts2800_ml.lib</file>
         <name>ll_aox28.obj</name>
      </input_file>
      <input_file id="fl-73">
         <path>C:\ti\17.6.0\lib\</path>
         <kind>archive</kind>
         <file>rts2800_ml.lib</file>
         <name>i_div28.obj</name>
      </input_file>
      <input_file id="fl-74">
         <path>C:\ti\17.6.0\lib\</path>
         <kind>archive</kind>
         <file>rts2800_ml.lib</file>
         <name>s_copysign.obj</name>
      </input_file>
      <input_file id="fl-75">
         <path>R:\08 - R&amp;D\12 - Marty Ma\Firmware\InverterFWA0\SFRA\IQ\lib\</path>
         <kind>archive</kind>
         <file>SFRA_IQ_Lib.lib</file>
         <name>SFRA_IQ_BACKGROUND.obj</name>
      </input_file>
      <input_file id="fl-76">
         <path>R:\08 - R&amp;D\12 - Marty Ma\Firmware\InverterFWA0\SFRA\IQ\lib\</path>
         <kind>archive</kind>
         <file>SFRA_IQ_Lib.lib</file>
         <name>SFRA_IQ_INIT.obj</name>
      </input_file>
      <input_file id="fl-77">
         <path>..\IQmath\c28\lib\</path>
         <kind>archive</kind>
         <file>IQmath.lib</file>
         <name>IQ15div.obj</name>
      </input_file>
      <input_file id="fl-78">
         <path>..\IQmath\c28\lib\</path>
         <kind>archive</kind>
         <file>IQmath.lib</file>
         <name>IQ15isqrt.obj</name>
      </input_file>
      <input_file id="fl-79">
         <path>..\IQmath\c28\lib\</path>
         <kind>archive</kind>
         <file>IQmath.lib</file>
         <name>IQ15rmpy.obj</name>
      </input_file>
      <input_file id="fl-7a">
         <path>..\IQmath\c28\lib\</path>
         <kind>archive</kind>
         <file>IQmath.lib</file>
         <name>IQ15rsmpy.obj</name>
      </input_file>
      <input_file id="fl-7b">
         <path>..\IQmath\c28\lib\</path>
         <kind>archive</kind>
         <file>IQmath.lib</file>
         <name>IQ15sqrt.obj</name>
      </input_file>
      <input_file id="fl-7c">
         <path>..\IQmath\c28\lib\</path>
         <kind>archive</kind>
         <file>IQmath.lib</file>
         <name>IQ16atan2.obj</name>
      </input_file>
      <input_file id="fl-7d">
         <path>..\IQmath\c28\lib\</path>
         <kind>archive</kind>
         <file>IQmath.lib</file>
         <name>IQ16div.obj</name>
      </input_file>
      <input_file id="fl-7e">
         <path>..\IQmath\c28\lib\</path>
         <kind>archive</kind>
         <file>IQmath.lib</file>
         <name>IQ16log.obj</name>
      </input_file>
      <input_file id="fl-7f">
         <path>..\IQmath\c28\lib\</path>
         <kind>archive</kind>
         <file>IQmath.lib</file>
         <name>IQ16mag.obj</name>
      </input_file>
      <input_file id="fl-80">
         <path>..\IQmath\c28\lib\</path>
         <kind>archive</kind>
         <file>IQmath.lib</file>
         <name>IQ16toF.obj</name>
      </input_file>
      <input_file id="fl-81">
         <path>..\IQmath\c28\lib\</path>
         <kind>archive</kind>
         <file>IQmath.lib</file>
         <name>IQ24div.obj</name>
      </input_file>
      <input_file id="fl-82">
         <path>..\IQmath\c28\lib\</path>
         <kind>archive</kind>
         <file>IQmath.lib</file>
         <name>IQ24sinPU.obj</name>
      </input_file>
      <input_file id="fl-83">
         <path>..\IQmath\c28\lib\</path>
         <kind>archive</kind>
         <file>IQmath.lib</file>
         <name>IQ24sqrt.obj</name>
      </input_file>
      <input_file id="fl-84">
         <path>..\IQmath\c28\lib\</path>
         <kind>archive</kind>
         <file>IQmath.lib</file>
         <name>IQmathTables.obj</name>
      </input_file>
      <input_file id="fl-85">
         <path>C:\ti\17.6.0\lib\</path>
         <kind>archive</kind>
         <file>rts2800_ml.lib</file>
         <name>l_tofs28.obj</name>
      </input_file>
   </input_file_list>
   <object_component_list>
      <object_component id="oc-f0">
         <name>.cinit</name>
         <load_address>0x3f6944</load_address>
         <run_address>0x3f6944</run_address>
         <size>0x85</size>
         <input_file_ref idref="fl-1d"/>
      </object_component>
      <object_component id="oc-9f">
         <name>.cinit</name>
         <load_address>0x3f69c9</load_address>
         <run_address>0x3f69c9</run_address>
         <size>0x6f</size>
         <input_file_ref idref="fl-11"/>
      </object_component>
      <object_component id="oc-d1">
         <name>.cinit</name>
         <load_address>0x3f6a38</load_address>
         <run_address>0x3f6a38</run_address>
         <size>0x4e</size>
         <input_file_ref idref="fl-18"/>
      </object_component>
      <object_component id="oc-d8">
         <name>.cinit</name>
         <load_address>0x3f6a86</load_address>
         <run_address>0x3f6a86</run_address>
         <size>0x35</size>
         <input_file_ref idref="fl-19"/>
      </object_component>
      <object_component id="oc-c9">
         <name>.cinit</name>
         <load_address>0x3f6abb</load_address>
         <run_address>0x3f6abb</run_address>
         <size>0x2c</size>
         <input_file_ref idref="fl-17"/>
      </object_component>
      <object_component id="oc-ba">
         <name>.cinit</name>
         <load_address>0x3f6ae7</load_address>
         <run_address>0x3f6ae7</run_address>
         <size>0x14</size>
         <input_file_ref idref="fl-15"/>
      </object_component>
      <object_component id="oc-ab">
         <name>.cinit</name>
         <load_address>0x3f6afb</load_address>
         <run_address>0x3f6afb</run_address>
         <size>0x11</size>
         <input_file_ref idref="fl-13"/>
      </object_component>
      <object_component id="oc-24f">
         <name>.cinit</name>
         <load_address>0x3f6b0c</load_address>
         <run_address>0x3f6b0c</run_address>
         <size>0xe</size>
         <input_file_ref idref="fl-6b"/>
      </object_component>
      <object_component id="oc-c2">
         <name>.cinit</name>
         <load_address>0x3f6b1a</load_address>
         <run_address>0x3f6b1a</run_address>
         <size>0xb</size>
         <input_file_ref idref="fl-16"/>
      </object_component>
      <object_component id="oc-2ac">
         <name>.cinit:__lock</name>
         <load_address>0x3f6b25</load_address>
         <run_address>0x3f6b25</run_address>
         <size>0x5</size>
         <input_file_ref idref="fl-6c"/>
      </object_component>
      <object_component id="oc-2c1">
         <name>.cinit:__unlock</name>
         <load_address>0x3f6b2a</load_address>
         <run_address>0x3f6b2a</run_address>
         <size>0x5</size>
         <input_file_ref idref="fl-6c"/>
      </object_component>
      <object_component id="oc-b3">
         <name>.cinit</name>
         <load_address>0x3f6b2f</load_address>
         <run_address>0x3f6b2f</run_address>
         <size>0x4</size>
         <input_file_ref idref="fl-14"/>
      </object_component>
      <object_component id="oc-e4">
         <name>.cinit</name>
         <load_address>0x3f6b33</load_address>
         <run_address>0x3f6b33</run_address>
         <size>0x4</size>
         <input_file_ref idref="fl-1b"/>
      </object_component>
      <object_component id="oc-24b">
         <name>.cinit</name>
         <load_address>0x3f6b37</load_address>
         <run_address>0x3f6b37</run_address>
         <size>0x4</size>
         <input_file_ref idref="fl-6a"/>
      </object_component>
      <object_component id="oc-2c3">
         <name>.text</name>
         <load_address>0x3e8000</load_address>
         <run_address>0x3e8000</run_address>
         <size>0x69c</size>
         <input_file_ref idref="fl-6e"/>
      </object_component>
      <object_component id="oc-2a7">
         <name>.text</name>
         <load_address>0x3e869c</load_address>
         <run_address>0x3e869c</run_address>
         <size>0x642</size>
         <input_file_ref idref="fl-1d"/>
      </object_component>
      <object_component id="oc-2bb">
         <name>.text</name>
         <load_address>0x3e8cde</load_address>
         <run_address>0x3e8cde</run_address>
         <size>0x2b6</size>
         <input_file_ref idref="fl-2"/>
      </object_component>
      <object_component id="oc-2af">
         <name>.text</name>
         <load_address>0x3e8f94</load_address>
         <run_address>0x3e8f94</run_address>
         <size>0x249</size>
         <input_file_ref idref="fl-52"/>
      </object_component>
      <object_component id="oc-2a3">
         <name>.text</name>
         <load_address>0x3e91dd</load_address>
         <run_address>0x3e91dd</run_address>
         <size>0x21b</size>
         <input_file_ref idref="fl-11"/>
      </object_component>
      <object_component id="oc-2bf">
         <name>.text</name>
         <load_address>0x3e93f8</load_address>
         <run_address>0x3e93f8</run_address>
         <size>0x1e9</size>
         <input_file_ref idref="fl-75"/>
      </object_component>
      <object_component id="oc-11b">
         <name>.text:retain</name>
         <load_address>0x3e95e1</load_address>
         <run_address>0x3e95e1</run_address>
         <size>0x17c</size>
         <input_file_ref idref="fl-24"/>
      </object_component>
      <object_component id="oc-2a1">
         <name>.text</name>
         <load_address>0x3e975d</load_address>
         <run_address>0x3e975d</run_address>
         <size>0x163</size>
         <input_file_ref idref="fl-14"/>
      </object_component>
      <object_component id="oc-2a8">
         <name>.text</name>
         <load_address>0x3e98c0</load_address>
         <run_address>0x3e98c0</run_address>
         <size>0x152</size>
         <input_file_ref idref="fl-13"/>
      </object_component>
      <object_component id="oc-2b2">
         <name>.text</name>
         <load_address>0x3e9a12</load_address>
         <run_address>0x3e9a12</run_address>
         <size>0x13f</size>
         <input_file_ref idref="fl-33"/>
      </object_component>
      <object_component id="oc-2a9">
         <name>.text</name>
         <load_address>0x3e9b51</load_address>
         <run_address>0x3e9b51</run_address>
         <size>0x133</size>
         <input_file_ref idref="fl-3e"/>
      </object_component>
      <object_component id="oc-2be">
         <name>.text</name>
         <load_address>0x3e9c84</load_address>
         <run_address>0x3e9c84</run_address>
         <size>0x112</size>
         <input_file_ref idref="fl-18"/>
      </object_component>
      <object_component id="oc-2c9">
         <name>.text</name>
         <load_address>0x3e9d96</load_address>
         <run_address>0x3e9d96</run_address>
         <size>0xe9</size>
         <input_file_ref idref="fl-6f"/>
      </object_component>
      <object_component id="oc-2ba">
         <name>.text</name>
         <load_address>0x3e9e7f</load_address>
         <run_address>0x3e9e7f</run_address>
         <size>0xcf</size>
         <input_file_ref idref="fl-16"/>
      </object_component>
      <object_component id="oc-2c8">
         <name>.text</name>
         <load_address>0x3e9f4e</load_address>
         <run_address>0x3e9f4e</run_address>
         <size>0xc1</size>
         <input_file_ref idref="fl-70"/>
      </object_component>
      <object_component id="oc-2a0">
         <name>.text</name>
         <load_address>0x3ea00f</load_address>
         <run_address>0x3ea00f</run_address>
         <size>0xa4</size>
         <input_file_ref idref="fl-15"/>
      </object_component>
      <object_component id="oc-5d">
         <name>.text</name>
         <load_address>0x3ea0b3</load_address>
         <run_address>0x3ea0b3</run_address>
         <size>0xa1</size>
         <input_file_ref idref="fl-4"/>
      </object_component>
      <object_component id="oc-1dc">
         <name>.text</name>
         <load_address>0x3ea154</load_address>
         <run_address>0x3ea154</run_address>
         <size>0x9c</size>
         <input_file_ref idref="fl-54"/>
      </object_component>
      <object_component id="oc-2b0">
         <name>.text</name>
         <load_address>0x3ea1f0</load_address>
         <run_address>0x3ea1f0</run_address>
         <size>0x98</size>
         <input_file_ref idref="fl-39"/>
      </object_component>
      <object_component id="oc-2bd">
         <name>.text</name>
         <load_address>0x3ea288</load_address>
         <run_address>0x3ea288</run_address>
         <size>0x96</size>
         <input_file_ref idref="fl-1b"/>
      </object_component>
      <object_component id="oc-2ae">
         <name>.text</name>
         <load_address>0x3ea31e</load_address>
         <run_address>0x3ea31e</run_address>
         <size>0x8e</size>
         <input_file_ref idref="fl-76"/>
      </object_component>
      <object_component id="oc-1e1">
         <name>.text</name>
         <load_address>0x3ea3ac</load_address>
         <run_address>0x3ea3ac</run_address>
         <size>0x8b</size>
         <input_file_ref idref="fl-55"/>
      </object_component>
      <object_component id="oc-1e6">
         <name>.text</name>
         <load_address>0x3ea437</load_address>
         <run_address>0x3ea437</run_address>
         <size>0x83</size>
         <input_file_ref idref="fl-56"/>
      </object_component>
      <object_component id="oc-204">
         <name>.text</name>
         <load_address>0x3ea4ba</load_address>
         <run_address>0x3ea4ba</run_address>
         <size>0x83</size>
         <input_file_ref idref="fl-5c"/>
      </object_component>
      <object_component id="oc-94">
         <name>.text</name>
         <load_address>0x3ea53d</load_address>
         <run_address>0x3ea53d</run_address>
         <size>0x81</size>
         <input_file_ref idref="fl-f"/>
      </object_component>
      <object_component id="oc-1fa">
         <name>.text</name>
         <load_address>0x3ea5be</load_address>
         <run_address>0x3ea5be</run_address>
         <size>0x78</size>
         <input_file_ref idref="fl-5a"/>
      </object_component>
      <object_component id="oc-2b1">
         <name>.text</name>
         <load_address>0x3ea636</load_address>
         <run_address>0x3ea636</run_address>
         <size>0x74</size>
         <input_file_ref idref="fl-37"/>
      </object_component>
      <object_component id="oc-bc">
         <name>.text:retain</name>
         <load_address>0x3ea6aa</load_address>
         <run_address>0x3ea6aa</run_address>
         <size>0x69</size>
         <input_file_ref idref="fl-15"/>
      </object_component>
      <object_component id="oc-2b8">
         <name>.text</name>
         <load_address>0x3ea713</load_address>
         <run_address>0x3ea713</run_address>
         <size>0x63</size>
         <input_file_ref idref="fl-22"/>
      </object_component>
      <object_component id="oc-99">
         <name>.text</name>
         <load_address>0x3ea776</load_address>
         <run_address>0x3ea776</run_address>
         <size>0x5e</size>
         <input_file_ref idref="fl-10"/>
      </object_component>
      <object_component id="oc-2a5">
         <name>.text</name>
         <load_address>0x3ea7d4</load_address>
         <run_address>0x3ea7d4</run_address>
         <size>0x5b</size>
         <input_file_ref idref="fl-17"/>
      </object_component>
      <object_component id="oc-209">
         <name>.text</name>
         <load_address>0x3ea82f</load_address>
         <run_address>0x3ea82f</run_address>
         <size>0x5a</size>
         <input_file_ref idref="fl-5d"/>
      </object_component>
      <object_component id="oc-55">
         <name>.text</name>
         <load_address>0x3ea889</load_address>
         <run_address>0x3ea889</run_address>
         <size>0x54</size>
         <input_file_ref idref="fl-53"/>
      </object_component>
      <object_component id="oc-8f">
         <name>.text</name>
         <load_address>0x3ea8dd</load_address>
         <run_address>0x3ea8dd</run_address>
         <size>0x43</size>
         <input_file_ref idref="fl-e"/>
      </object_component>
      <object_component id="oc-80">
         <name>.text</name>
         <load_address>0x3ea920</load_address>
         <run_address>0x3ea920</run_address>
         <size>0x40</size>
         <input_file_ref idref="fl-b"/>
      </object_component>
      <object_component id="oc-6c">
         <name>.text</name>
         <load_address>0x3ea960</load_address>
         <run_address>0x3ea960</run_address>
         <size>0x3a</size>
         <input_file_ref idref="fl-7"/>
      </object_component>
      <object_component id="oc-2a2">
         <name>.text</name>
         <load_address>0x3ea99a</load_address>
         <run_address>0x3ea99a</run_address>
         <size>0x39</size>
         <input_file_ref idref="fl-1c"/>
      </object_component>
      <object_component id="oc-2bc">
         <name>.text</name>
         <load_address>0x3ea9d3</load_address>
         <run_address>0x3ea9d3</run_address>
         <size>0x35</size>
         <input_file_ref idref="fl-19"/>
      </object_component>
      <object_component id="oc-1b7">
         <name>.text</name>
         <load_address>0x3eaa08</load_address>
         <run_address>0x3eaa08</run_address>
         <size>0x34</size>
         <input_file_ref idref="fl-3a"/>
      </object_component>
      <object_component id="oc-8a">
         <name>.text</name>
         <load_address>0x3eaa3c</load_address>
         <run_address>0x3eaa3c</run_address>
         <size>0x2e</size>
         <input_file_ref idref="fl-d"/>
      </object_component>
      <object_component id="oc-1ad">
         <name>.text</name>
         <load_address>0x3eaa6a</load_address>
         <run_address>0x3eaa6a</run_address>
         <size>0x2c</size>
         <input_file_ref idref="fl-38"/>
      </object_component>
      <object_component id="oc-271">
         <name>.text</name>
         <load_address>0x3eaa96</load_address>
         <run_address>0x3eaa96</run_address>
         <size>0x2a</size>
         <input_file_ref idref="fl-71"/>
      </object_component>
      <object_component id="oc-227">
         <name>.text</name>
         <load_address>0x3eaac0</load_address>
         <run_address>0x3eaac0</run_address>
         <size>0x2a</size>
         <input_file_ref idref="fl-63"/>
      </object_component>
      <object_component id="oc-29f">
         <name>.text</name>
         <load_address>0x3eaaea</load_address>
         <run_address>0x3eaaea</run_address>
         <size>0x29</size>
         <input_file_ref idref="fl-6b"/>
      </object_component>
      <object_component id="oc-218">
         <name>.text</name>
         <load_address>0x3eab13</load_address>
         <run_address>0x3eab13</run_address>
         <size>0x29</size>
         <input_file_ref idref="fl-60"/>
      </object_component>
      <object_component id="oc-2b5">
         <name>.text</name>
         <load_address>0x3eab3c</load_address>
         <run_address>0x3eab3c</run_address>
         <size>0x28</size>
         <input_file_ref idref="fl-2f"/>
      </object_component>
      <object_component id="oc-213">
         <name>.text</name>
         <load_address>0x3eab64</load_address>
         <run_address>0x3eab64</run_address>
         <size>0x25</size>
         <input_file_ref idref="fl-5f"/>
      </object_component>
      <object_component id="oc-2b9">
         <name>.text</name>
         <load_address>0x3eab89</load_address>
         <run_address>0x3eab89</run_address>
         <size>0x24</size>
         <input_file_ref idref="fl-1a"/>
      </object_component>
      <object_component id="oc-29c">
         <name>.text</name>
         <load_address>0x3eabad</load_address>
         <run_address>0x3eabad</run_address>
         <size>0x24</size>
         <input_file_ref idref="fl-66"/>
      </object_component>
      <object_component id="oc-2cb">
         <name>.text</name>
         <load_address>0x3eabd1</load_address>
         <run_address>0x3eabd1</run_address>
         <size>0x23</size>
         <input_file_ref idref="fl-74"/>
      </object_component>
      <object_component id="oc-67">
         <name>.text</name>
         <load_address>0x3eabf4</load_address>
         <run_address>0x3eabf4</run_address>
         <size>0x23</size>
         <input_file_ref idref="fl-6"/>
      </object_component>
      <object_component id="oc-7b">
         <name>.text</name>
         <load_address>0x3eac17</load_address>
         <run_address>0x3eac17</run_address>
         <size>0x23</size>
         <input_file_ref idref="fl-a"/>
      </object_component>
      <object_component id="oc-27b">
         <name>.text</name>
         <load_address>0x3eac3a</load_address>
         <run_address>0x3eac3a</run_address>
         <size>0x22</size>
         <input_file_ref idref="fl-73"/>
      </object_component>
      <object_component id="oc-231">
         <name>.text</name>
         <load_address>0x3eac5c</load_address>
         <run_address>0x3eac5c</run_address>
         <size>0x21</size>
         <input_file_ref idref="fl-65"/>
      </object_component>
      <object_component id="oc-1f5">
         <name>.text</name>
         <load_address>0x3eac7d</load_address>
         <run_address>0x3eac7d</run_address>
         <size>0x1f</size>
         <input_file_ref idref="fl-59"/>
      </object_component>
      <object_component id="oc-f6">
         <name>.text:retain</name>
         <load_address>0x3eac9c</load_address>
         <run_address>0x3eac9c</run_address>
         <size>0x1d</size>
         <input_file_ref idref="fl-1d"/>
      </object_component>
      <object_component id="oc-2aa">
         <name>.text</name>
         <load_address>0x3eacb9</load_address>
         <run_address>0x3eacb9</run_address>
         <size>0x1d</size>
         <input_file_ref idref="fl-67"/>
      </object_component>
      <object_component id="oc-22c">
         <name>.text</name>
         <load_address>0x3eacd6</load_address>
         <run_address>0x3eacd6</run_address>
         <size>0x1c</size>
         <input_file_ref idref="fl-64"/>
      </object_component>
      <object_component id="oc-222">
         <name>.text</name>
         <load_address>0x3eacf2</load_address>
         <run_address>0x3eacf2</run_address>
         <size>0x1c</size>
         <input_file_ref idref="fl-62"/>
      </object_component>
      <object_component id="oc-85">
         <name>.text</name>
         <load_address>0x3ead0e</load_address>
         <run_address>0x3ead0e</run_address>
         <size>0x1b</size>
         <input_file_ref idref="fl-c"/>
      </object_component>
      <object_component id="oc-296">
         <name>.text</name>
         <load_address>0x3ead29</load_address>
         <run_address>0x3ead29</run_address>
         <size>0x1a</size>
         <input_file_ref idref="fl-85"/>
      </object_component>
      <object_component id="oc-29e">
         <name>.text</name>
         <load_address>0x3ead43</load_address>
         <run_address>0x3ead43</run_address>
         <size>0x19</size>
         <input_file_ref idref="fl-6d"/>
      </object_component>
      <object_component id="oc-76">
         <name>.text</name>
         <load_address>0x3ead5c</load_address>
         <run_address>0x3ead5c</run_address>
         <size>0x19</size>
         <input_file_ref idref="fl-9"/>
      </object_component>
      <object_component id="oc-276">
         <name>.text</name>
         <load_address>0x3ead75</load_address>
         <run_address>0x3ead75</run_address>
         <size>0x18</size>
         <input_file_ref idref="fl-72"/>
      </object_component>
      <object_component id="oc-2a6">
         <name>.text</name>
         <load_address>0x3ead8d</load_address>
         <run_address>0x3ead8d</run_address>
         <size>0x17</size>
         <input_file_ref idref="fl-3c"/>
      </object_component>
      <object_component id="oc-1ff">
         <name>.text</name>
         <load_address>0x3eada4</load_address>
         <run_address>0x3eada4</run_address>
         <size>0x17</size>
         <input_file_ref idref="fl-5b"/>
      </object_component>
      <object_component id="oc-21d">
         <name>.text</name>
         <load_address>0x3eadbb</load_address>
         <run_address>0x3eadbb</run_address>
         <size>0x17</size>
         <input_file_ref idref="fl-61"/>
      </object_component>
      <object_component id="oc-2b6">
         <name>.text</name>
         <load_address>0x3eadd2</load_address>
         <run_address>0x3eadd2</run_address>
         <size>0x12</size>
         <input_file_ref idref="fl-30"/>
      </object_component>
      <object_component id="oc-71">
         <name>.text</name>
         <load_address>0x3eade4</load_address>
         <run_address>0x3eade4</run_address>
         <size>0x11</size>
         <input_file_ref idref="fl-8"/>
      </object_component>
      <object_component id="oc-2ad">
         <name>.text</name>
         <load_address>0x3eadf5</load_address>
         <run_address>0x3eadf5</run_address>
         <size>0x10</size>
         <input_file_ref idref="fl-27"/>
      </object_component>
      <object_component id="oc-1f0">
         <name>.text</name>
         <load_address>0x3eae05</load_address>
         <run_address>0x3eae05</run_address>
         <size>0xe</size>
         <input_file_ref idref="fl-58"/>
      </object_component>
      <object_component id="oc-62">
         <name>.text</name>
         <load_address>0x3eae13</load_address>
         <run_address>0x3eae13</run_address>
         <size>0xd</size>
         <input_file_ref idref="fl-5"/>
      </object_component>
      <object_component id="oc-2b3">
         <name>.text</name>
         <load_address>0x3eae20</load_address>
         <run_address>0x3eae20</run_address>
         <size>0x9</size>
         <input_file_ref idref="fl-12"/>
      </object_component>
      <object_component id="oc-2c0">
         <name>.text</name>
         <load_address>0x3eae29</load_address>
         <run_address>0x3eae29</run_address>
         <size>0x9</size>
         <input_file_ref idref="fl-6c"/>
      </object_component>
      <object_component id="oc-1eb">
         <name>.text</name>
         <load_address>0x3eae32</load_address>
         <run_address>0x3eae32</run_address>
         <size>0x9</size>
         <input_file_ref idref="fl-57"/>
      </object_component>
      <object_component id="oc-104">
         <name>.text</name>
         <load_address>0x3eae3b</load_address>
         <run_address>0x3eae3b</run_address>
         <size>0x8</size>
         <input_file_ref idref="fl-20"/>
      </object_component>
      <object_component id="oc-120">
         <name>.text</name>
         <load_address>0x3eae43</load_address>
         <run_address>0x3eae43</run_address>
         <size>0x7</size>
         <input_file_ref idref="fl-25"/>
      </object_component>
      <object_component id="oc-20e">
         <name>.text</name>
         <load_address>0x3eae4a</load_address>
         <run_address>0x3eae4a</run_address>
         <size>0x5</size>
         <input_file_ref idref="fl-5e"/>
      </object_component>
      <object_component id="oc-115">
         <name>.text</name>
         <load_address>0x3eae4f</load_address>
         <run_address>0x3eae4f</run_address>
         <size>0x3</size>
         <input_file_ref idref="fl-23"/>
      </object_component>
      <object_component id="oc-29b">
         <name>.text</name>
         <load_address>0x3eae52</load_address>
         <run_address>0x3eae52</run_address>
         <size>0x2</size>
         <input_file_ref idref="fl-68"/>
      </object_component>
      <object_component id="oc-29d">
         <name>.text</name>
         <load_address>0x3eae54</load_address>
         <run_address>0x3eae54</run_address>
         <size>0x1</size>
         <input_file_ref idref="fl-69"/>
      </object_component>
      <object_component id="oc-105">
         <name>codestart</name>
         <load_address>0x3f7ff6</load_address>
         <run_address>0x3f7ff6</run_address>
         <size>0x2</size>
         <input_file_ref idref="fl-20"/>
      </object_component>
      <object_component id="oc-2a4">
         <name>ramfuncs</name>
         <load_address>0x3f6378</load_address>
         <run_address>0x8378</run_address>
         <size>0xfa</size>
         <input_file_ref idref="fl-11"/>
      </object_component>
      <object_component id="oc-2b7">
         <name>ramfuncs</name>
         <load_address>0x3f6472</load_address>
         <run_address>0x8472</run_address>
         <size>0x116</size>
         <input_file_ref idref="fl-13"/>
      </object_component>
      <object_component id="oc-cb">
         <name>ramfuncs:retain</name>
         <load_address>0x3f6588</load_address>
         <run_address>0x8588</run_address>
         <size>0x27</size>
         <input_file_ref idref="fl-17"/>
      </object_component>
      <object_component id="oc-f7">
         <name>ramfuncs:retain</name>
         <load_address>0x3f65af</load_address>
         <run_address>0x85af</run_address>
         <size>0x11c</size>
         <input_file_ref idref="fl-1d"/>
      </object_component>
      <object_component id="oc-2b4">
         <name>ramfuncs</name>
         <load_address>0x3f66cb</load_address>
         <run_address>0x86cb</run_address>
         <size>0x1d</size>
         <input_file_ref idref="fl-33"/>
      </object_component>
      <object_component id="oc-171">
         <name>ramfuncs</name>
         <load_address>0x3f66e8</load_address>
         <run_address>0x86e8</run_address>
         <size>0x4</size>
         <input_file_ref idref="fl-35"/>
      </object_component>
      <object_component id="oc-102">
         <name>csmpasswds</name>
         <load_address>0x3f7ff8</load_address>
         <run_address>0x3f7ff8</run_address>
         <size>0x8</size>
         <input_file_ref idref="fl-1f"/>
      </object_component>
      <object_component id="oc-103">
         <name>csm_rsvd</name>
         <load_address>0x3f7f80</load_address>
         <run_address>0x3f7f80</run_address>
         <size>0x76</size>
         <input_file_ref idref="fl-1f"/>
      </object_component>
      <object_component id="oc-1d6">
         <name>.stack</name>
         <uninitialized>true</uninitialized>
         <run_address>0x50</run_address>
         <size>0x0</size>
         <input_file_ref idref="fl-53"/>
      </object_component>
      <object_component id="oc-325">
         <name>.stack</name>
         <uninitialized>true</uninitialized>
         <run_address>0x50</run_address>
         <size>0x0</size>
      </object_component>
      <object_component id="oc-57">
         <name>.ebss</name>
         <uninitialized>true</uninitialized>
         <run_address>0x97c0</run_address>
         <size>0x60</size>
         <input_file_ref idref="fl-2"/>
      </object_component>
      <object_component id="oc-a0">
         <name>.ebss</name>
         <uninitialized>true</uninitialized>
         <run_address>0x96c8</run_address>
         <size>0x32</size>
         <input_file_ref idref="fl-11"/>
      </object_component>
      <object_component id="oc-ac">
         <name>.ebss</name>
         <uninitialized>true</uninitialized>
         <run_address>0x9856</run_address>
         <size>0xe</size>
         <input_file_ref idref="fl-13"/>
      </object_component>
      <object_component id="oc-b4">
         <name>.ebss</name>
         <uninitialized>true</uninitialized>
         <run_address>0x986f</run_address>
         <size>0x1</size>
         <input_file_ref idref="fl-14"/>
      </object_component>
      <object_component id="oc-bb">
         <name>.ebss</name>
         <uninitialized>true</uninitialized>
         <run_address>0x9820</run_address>
         <size>0x16</size>
         <input_file_ref idref="fl-15"/>
      </object_component>
      <object_component id="oc-c3">
         <name>.ebss</name>
         <uninitialized>true</uninitialized>
         <run_address>0x9836</run_address>
         <size>0x8</size>
         <input_file_ref idref="fl-16"/>
      </object_component>
      <object_component id="oc-ca">
         <name>.ebss</name>
         <uninitialized>true</uninitialized>
         <run_address>0x9864</run_address>
         <size>0xb</size>
         <input_file_ref idref="fl-17"/>
      </object_component>
      <object_component id="oc-d2">
         <name>.ebss</name>
         <uninitialized>true</uninitialized>
         <run_address>0x9840</run_address>
         <size>0x16</size>
         <input_file_ref idref="fl-18"/>
      </object_component>
      <object_component id="oc-d9">
         <name>.ebss</name>
         <uninitialized>true</uninitialized>
         <run_address>0x9700</run_address>
         <size>0xa4</size>
         <input_file_ref idref="fl-19"/>
      </object_component>
      <object_component id="oc-e5">
         <name>.ebss</name>
         <uninitialized>true</uninitialized>
         <run_address>0x9872</run_address>
         <size>0x1</size>
         <input_file_ref idref="fl-1b"/>
      </object_component>
      <object_component id="oc-f1">
         <name>.ebss</name>
         <uninitialized>true</uninitialized>
         <run_address>0x9000</run_address>
         <size>0x6c8</size>
         <input_file_ref idref="fl-1d"/>
      </object_component>
      <object_component id="oc-110">
         <name>.ebss</name>
         <uninitialized>true</uninitialized>
         <run_address>0x97a4</run_address>
         <size>0x18</size>
         <input_file_ref idref="fl-22"/>
      </object_component>
      <object_component id="oc-149">
         <name>.ebss</name>
         <uninitialized>true</uninitialized>
         <run_address>0x97bc</run_address>
         <size>0x2</size>
         <input_file_ref idref="fl-2d"/>
      </object_component>
      <object_component id="oc-24c">
         <name>.ebss</name>
         <uninitialized>true</uninitialized>
         <run_address>0x9873</run_address>
         <size>0x1</size>
         <input_file_ref idref="fl-6a"/>
      </object_component>
      <object_component id="oc-250">
         <name>.ebss</name>
         <uninitialized>true</uninitialized>
         <run_address>0x96fa</run_address>
         <size>0x6</size>
         <input_file_ref idref="fl-6b"/>
      </object_component>
      <object_component id="oc-2c5">
         <name>.ebss:__unlock</name>
         <uninitialized>true</uninitialized>
         <run_address>0x9870</run_address>
         <size>0x2</size>
         <input_file_ref idref="fl-6c"/>
      </object_component>
      <object_component id="oc-2ab">
         <name>.ebss:__lock</name>
         <uninitialized>true</uninitialized>
         <run_address>0x983e</run_address>
         <size>0x2</size>
         <input_file_ref idref="fl-6c"/>
      </object_component>
      <object_component id="oc-287">
         <name>.ebss</name>
         <uninitialized>true</uninitialized>
         <run_address>0x97be</run_address>
         <size>0x2</size>
         <input_file_ref idref="fl-76"/>
      </object_component>
      <object_component id="oc-2c4">
         <name>.econst:_PieVectTableInit</name>
         <load_address>0x3f66ec</load_address>
         <run_address>0x3f66ec</run_address>
         <size>0x100</size>
         <input_file_ref idref="fl-30"/>
      </object_component>
      <object_component id="oc-2c7">
         <name>.econst:_ipio2</name>
         <load_address>0x3f67ec</load_address>
         <run_address>0x3f67ec</run_address>
         <size>0x84</size>
         <input_file_ref idref="fl-6e"/>
      </object_component>
      <object_component id="oc-1d1">
         <name>.econst</name>
         <load_address>0x3f6870</load_address>
         <run_address>0x3f6870</run_address>
         <size>0x30</size>
         <input_file_ref idref="fl-52"/>
      </object_component>
      <object_component id="oc-260">
         <name>.econst</name>
         <load_address>0x3f68a0</load_address>
         <run_address>0x3f68a0</run_address>
         <size>0x2c</size>
         <input_file_ref idref="fl-6e"/>
      </object_component>
      <object_component id="oc-2ca">
         <name>.econst:_PIo2</name>
         <load_address>0x3f68cc</load_address>
         <run_address>0x3f68cc</run_address>
         <size>0x20</size>
         <input_file_ref idref="fl-6e"/>
      </object_component>
      <object_component id="oc-26c">
         <name>.econst</name>
         <load_address>0x3f68ec</load_address>
         <run_address>0x3f68ec</run_address>
         <size>0x1c</size>
         <input_file_ref idref="fl-70"/>
      </object_component>
      <object_component id="oc-2c2">
         <name>.econst:_T</name>
         <load_address>0x3f6908</load_address>
         <run_address>0x3f6908</run_address>
         <size>0x18</size>
         <input_file_ref idref="fl-52"/>
      </object_component>
      <object_component id="oc-266">
         <name>.econst</name>
         <load_address>0x3f6920</load_address>
         <run_address>0x3f6920</run_address>
         <size>0xc</size>
         <input_file_ref idref="fl-6f"/>
      </object_component>
      <object_component id="oc-ad">
         <name>.econst</name>
         <load_address>0x3f692c</load_address>
         <run_address>0x3f692c</run_address>
         <size>0x8</size>
         <input_file_ref idref="fl-13"/>
      </object_component>
      <object_component id="oc-285">
         <name>.econst</name>
         <load_address>0x3f6934</load_address>
         <run_address>0x3f6934</run_address>
         <size>0x8</size>
         <input_file_ref idref="fl-75"/>
      </object_component>
      <object_component id="oc-2c6">
         <name>.econst:_init_jk</name>
         <load_address>0x3f693c</load_address>
         <run_address>0x3f693c</run_address>
         <size>0x4</size>
         <input_file_ref idref="fl-6e"/>
      </object_component>
      <object_component id="oc-f8">
         <name>.econst</name>
         <load_address>0x3f6940</load_address>
         <run_address>0x3f6940</run_address>
         <size>0x4</size>
         <input_file_ref idref="fl-1d"/>
      </object_component>
      <object_component id="oc-28f">
         <name>IQmath</name>
         <load_address>0x3f6000</load_address>
         <run_address>0x8000</run_address>
         <size>0x9d</size>
         <input_file_ref idref="fl-7e"/>
      </object_component>
      <object_component id="oc-28d">
         <name>IQmath</name>
         <load_address>0x3f609d</load_address>
         <run_address>0x809d</run_address>
         <size>0x7b</size>
         <input_file_ref idref="fl-7c"/>
      </object_component>
      <object_component id="oc-290">
         <name>IQmath</name>
         <load_address>0x3f6118</load_address>
         <run_address>0x8118</run_address>
         <size>0x60</size>
         <input_file_ref idref="fl-7f"/>
      </object_component>
      <object_component id="oc-288">
         <name>IQmath</name>
         <load_address>0x3f6178</load_address>
         <run_address>0x8178</run_address>
         <size>0x47</size>
         <input_file_ref idref="fl-77"/>
      </object_component>
      <object_component id="oc-28e">
         <name>IQmath</name>
         <load_address>0x3f61bf</load_address>
         <run_address>0x81bf</run_address>
         <size>0x47</size>
         <input_file_ref idref="fl-7d"/>
      </object_component>
      <object_component id="oc-292">
         <name>IQmath</name>
         <load_address>0x3f6206</load_address>
         <run_address>0x8206</run_address>
         <size>0x47</size>
         <input_file_ref idref="fl-81"/>
      </object_component>
      <object_component id="oc-289">
         <name>IQmath</name>
         <load_address>0x3f624d</load_address>
         <run_address>0x824d</run_address>
         <size>0x46</size>
         <input_file_ref idref="fl-78"/>
      </object_component>
      <object_component id="oc-28c">
         <name>IQmath</name>
         <load_address>0x3f6293</load_address>
         <run_address>0x8293</run_address>
         <size>0x42</size>
         <input_file_ref idref="fl-7b"/>
      </object_component>
      <object_component id="oc-294">
         <name>IQmath</name>
         <load_address>0x3f62d5</load_address>
         <run_address>0x82d5</run_address>
         <size>0x42</size>
         <input_file_ref idref="fl-83"/>
      </object_component>
      <object_component id="oc-293">
         <name>IQmath</name>
         <load_address>0x3f6317</load_address>
         <run_address>0x8317</run_address>
         <size>0x29</size>
         <input_file_ref idref="fl-82"/>
      </object_component>
      <object_component id="oc-28b">
         <name>IQmath</name>
         <load_address>0x3f6340</load_address>
         <run_address>0x8340</run_address>
         <size>0x16</size>
         <input_file_ref idref="fl-7a"/>
      </object_component>
      <object_component id="oc-291">
         <name>IQmath</name>
         <load_address>0x3f6356</load_address>
         <run_address>0x8356</run_address>
         <size>0x14</size>
         <input_file_ref idref="fl-80"/>
      </object_component>
      <object_component id="oc-28a">
         <name>IQmath</name>
         <load_address>0x3f636a</load_address>
         <run_address>0x836a</run_address>
         <size>0xe</size>
         <input_file_ref idref="fl-79"/>
      </object_component>
      <object_component id="oc-295">
         <name>IQmathTables</name>
         <load_address>0x3fe000</load_address>
         <run_address>0x3fe000</run_address>
         <size>0xb50</size>
         <input_file_ref idref="fl-84"/>
      </object_component>
      <object_component id="oc-1d7">
         <name>.reset</name>
         <load_address>0x3fffc0</load_address>
         <run_address>0x3fffc0</run_address>
         <size>0x2</size>
         <input_file_ref idref="fl-53"/>
      </object_component>
      <object_component id="oc-f2">
         <name>cntl_var_RAM</name>
         <uninitialized>true</uninitialized>
         <run_address>0x9a00</run_address>
         <size>0x54</size>
         <input_file_ref idref="fl-1d"/>
      </object_component>
      <object_component id="oc-f3">
         <name>cntl_coeff_RAM</name>
         <uninitialized>true</uninitialized>
         <run_address>0x9980</run_address>
         <size>0x54</size>
         <input_file_ref idref="fl-1d"/>
      </object_component>
      <object_component id="oc-f5">
         <name>cntl_var_RAM2</name>
         <uninitialized>true</uninitialized>
         <run_address>0x9ac0</run_address>
         <size>0x30</size>
         <input_file_ref idref="fl-1d"/>
      </object_component>
      <object_component id="oc-f4">
         <name>cntl_coeff_RAM2</name>
         <uninitialized>true</uninitialized>
         <run_address>0x9a80</run_address>
         <size>0x30</size>
         <input_file_ref idref="fl-1d"/>
      </object_component>
      <object_component id="oc-5c">
         <name>SINTBL</name>
         <load_address>0x9874</load_address>
         <run_address>0x9874</run_address>
         <size>0x101</size>
         <input_file_ref idref="fl-3"/>
      </object_component>
      <object_component id="oc-286">
         <name>SFRA_IQ_Data</name>
         <uninitialized>true</uninitialized>
         <run_address>0x9b00</run_address>
         <size>0x20</size>
         <input_file_ref idref="fl-76"/>
      </object_component>
      <object_component id="oc-1a5">
         <name>PieVectTableFile</name>
         <uninitialized>true</uninitialized>
         <run_address>0xd00</run_address>
         <size>0x100</size>
         <input_file_ref idref="fl-36"/>
      </object_component>
      <object_component id="oc-178">
         <name>EmuKeyVar</name>
         <uninitialized>true</uninitialized>
         <run_address>0xd00</run_address>
         <size>0x1</size>
         <input_file_ref idref="fl-36"/>
      </object_component>
      <object_component id="oc-177">
         <name>EmuBModeVar</name>
         <uninitialized>true</uninitialized>
         <run_address>0xd01</run_address>
         <size>0x1</size>
         <input_file_ref idref="fl-36"/>
      </object_component>
      <object_component id="oc-17a">
         <name>FlashCallbackVar</name>
         <uninitialized>true</uninitialized>
         <run_address>0xd02</run_address>
         <size>0x2</size>
         <input_file_ref idref="fl-36"/>
      </object_component>
      <object_component id="oc-17b">
         <name>FlashScalingVar</name>
         <uninitialized>true</uninitialized>
         <run_address>0xd04</run_address>
         <size>0x2</size>
         <input_file_ref idref="fl-36"/>
      </object_component>
      <object_component id="oc-17d">
         <name>DevEmuRegsFile</name>
         <uninitialized>true</uninitialized>
         <run_address>0x880</run_address>
         <size>0x4</size>
         <input_file_ref idref="fl-36"/>
      </object_component>
      <object_component id="oc-17c">
         <name>SysPwrCtrlRegsFile</name>
         <uninitialized>true</uninitialized>
         <run_address>0x985</run_address>
         <size>0x3</size>
         <input_file_ref idref="fl-36"/>
      </object_component>
      <object_component id="oc-17e">
         <name>FlashRegsFile</name>
         <uninitialized>true</uninitialized>
         <run_address>0xa80</run_address>
         <size>0x8</size>
         <input_file_ref idref="fl-36"/>
      </object_component>
      <object_component id="oc-189">
         <name>CsmRegsFile</name>
         <uninitialized>true</uninitialized>
         <run_address>0xae0</run_address>
         <size>0x10</size>
         <input_file_ref idref="fl-36"/>
      </object_component>
      <object_component id="oc-193">
         <name>AdcResultFile</name>
         <uninitialized>true</uninitialized>
         <run_address>0xb00</run_address>
         <size>0x20</size>
         <input_file_ref idref="fl-36"/>
      </object_component>
      <object_component id="oc-181">
         <name>CpuTimer0RegsFile</name>
         <uninitialized>true</uninitialized>
         <run_address>0xc00</run_address>
         <size>0x8</size>
         <input_file_ref idref="fl-36"/>
      </object_component>
      <object_component id="oc-180">
         <name>CpuTimer1RegsFile</name>
         <uninitialized>true</uninitialized>
         <run_address>0xc08</run_address>
         <size>0x8</size>
         <input_file_ref idref="fl-36"/>
      </object_component>
      <object_component id="oc-182">
         <name>CpuTimer2RegsFile</name>
         <uninitialized>true</uninitialized>
         <run_address>0xc10</run_address>
         <size>0x8</size>
         <input_file_ref idref="fl-36"/>
      </object_component>
      <object_component id="oc-18d">
         <name>PieCtrlRegsFile</name>
         <uninitialized>true</uninitialized>
         <run_address>0xce0</run_address>
         <size>0x1a</size>
         <input_file_ref idref="fl-36"/>
      </object_component>
      <object_component id="oc-197">
         <name>Cla1RegsFile</name>
         <uninitialized>true</uninitialized>
         <run_address>0x1400</run_address>
         <size>0x40</size>
         <input_file_ref idref="fl-36"/>
      </object_component>
      <object_component id="oc-195">
         <name>ECanaRegsFile</name>
         <uninitialized>true</uninitialized>
         <run_address>0x6000</run_address>
         <size>0x34</size>
         <input_file_ref idref="fl-36"/>
      </object_component>
      <object_component id="oc-19a">
         <name>ECanaLAMRegsFile</name>
         <uninitialized>true</uninitialized>
         <run_address>0x6040</run_address>
         <size>0x40</size>
         <input_file_ref idref="fl-36"/>
      </object_component>
      <object_component id="oc-1a6">
         <name>ECanaMboxesFile</name>
         <uninitialized>true</uninitialized>
         <run_address>0x6100</run_address>
         <size>0x100</size>
         <input_file_ref idref="fl-36"/>
      </object_component>
      <object_component id="oc-199">
         <name>ECanaMOTSRegsFile</name>
         <uninitialized>true</uninitialized>
         <run_address>0x6080</run_address>
         <size>0x40</size>
         <input_file_ref idref="fl-36"/>
      </object_component>
      <object_component id="oc-1a2">
         <name>ECanaMOTORegsFile</name>
         <uninitialized>true</uninitialized>
         <run_address>0x60c0</run_address>
         <size>0x40</size>
         <input_file_ref idref="fl-36"/>
      </object_component>
      <object_component id="oc-192">
         <name>ECap1RegsFile</name>
         <uninitialized>true</uninitialized>
         <run_address>0x6a00</run_address>
         <size>0x20</size>
         <input_file_ref idref="fl-36"/>
      </object_component>
      <object_component id="oc-191">
         <name>HRCap1RegsFile</name>
         <uninitialized>true</uninitialized>
         <run_address>0x6ac0</run_address>
         <size>0x20</size>
         <input_file_ref idref="fl-36"/>
      </object_component>
      <object_component id="oc-190">
         <name>HRCap2RegsFile</name>
         <uninitialized>true</uninitialized>
         <run_address>0x6ae0</run_address>
         <size>0x20</size>
         <input_file_ref idref="fl-36"/>
      </object_component>
      <object_component id="oc-19f">
         <name>EQep1RegsFile</name>
         <uninitialized>true</uninitialized>
         <run_address>0x6b00</run_address>
         <size>0x40</size>
         <input_file_ref idref="fl-36"/>
      </object_component>
      <object_component id="oc-1a3">
         <name>LinaRegsFile</name>
         <uninitialized>true</uninitialized>
         <run_address>0x6c00</run_address>
         <size>0x4a</size>
         <input_file_ref idref="fl-36"/>
      </object_component>
      <object_component id="oc-19e">
         <name>GpioCtrlRegsFile</name>
         <uninitialized>true</uninitialized>
         <run_address>0x6f80</run_address>
         <size>0x40</size>
         <input_file_ref idref="fl-36"/>
      </object_component>
      <object_component id="oc-18f">
         <name>GpioDataRegsFile</name>
         <uninitialized>true</uninitialized>
         <run_address>0x6fc0</run_address>
         <size>0x20</size>
         <input_file_ref idref="fl-36"/>
      </object_component>
      <object_component id="oc-183">
         <name>GpioIntRegsFile</name>
         <uninitialized>true</uninitialized>
         <run_address>0x6fe0</run_address>
         <size>0xc</size>
         <input_file_ref idref="fl-36"/>
      </object_component>
      <object_component id="oc-18e">
         <name>SysCtrlRegsFile</name>
         <uninitialized>true</uninitialized>
         <run_address>0x7010</run_address>
         <size>0x20</size>
         <input_file_ref idref="fl-36"/>
      </object_component>
      <object_component id="oc-184">
         <name>SpiaRegsFile</name>
         <uninitialized>true</uninitialized>
         <run_address>0x7040</run_address>
         <size>0x10</size>
         <input_file_ref idref="fl-36"/>
      </object_component>
      <object_component id="oc-185">
         <name>SpibRegsFile</name>
         <uninitialized>true</uninitialized>
         <run_address>0x7740</run_address>
         <size>0x10</size>
         <input_file_ref idref="fl-36"/>
      </object_component>
      <object_component id="oc-187">
         <name>SciaRegsFile</name>
         <uninitialized>true</uninitialized>
         <run_address>0x7050</run_address>
         <size>0x10</size>
         <input_file_ref idref="fl-36"/>
      </object_component>
      <object_component id="oc-186">
         <name>NmiIntruptRegsFile</name>
         <uninitialized>true</uninitialized>
         <run_address>0x7060</run_address>
         <size>0x10</size>
         <input_file_ref idref="fl-36"/>
      </object_component>
      <object_component id="oc-188">
         <name>XIntruptRegsFile</name>
         <uninitialized>true</uninitialized>
         <run_address>0x7070</run_address>
         <size>0x10</size>
         <input_file_ref idref="fl-36"/>
      </object_component>
      <object_component id="oc-1a4">
         <name>AdcRegsFile</name>
         <uninitialized>true</uninitialized>
         <run_address>0x7100</run_address>
         <size>0x50</size>
         <input_file_ref idref="fl-36"/>
      </object_component>
      <object_component id="oc-194">
         <name>I2caRegsFile</name>
         <uninitialized>true</uninitialized>
         <run_address>0x7900</run_address>
         <size>0x22</size>
         <input_file_ref idref="fl-36"/>
      </object_component>
      <object_component id="oc-18a">
         <name>Comp1RegsFile</name>
         <uninitialized>true</uninitialized>
         <run_address>0x6400</run_address>
         <size>0x14</size>
         <input_file_ref idref="fl-36"/>
      </object_component>
      <object_component id="oc-18b">
         <name>Comp2RegsFile</name>
         <uninitialized>true</uninitialized>
         <run_address>0x6420</run_address>
         <size>0x14</size>
         <input_file_ref idref="fl-36"/>
      </object_component>
      <object_component id="oc-18c">
         <name>Comp3RegsFile</name>
         <uninitialized>true</uninitialized>
         <run_address>0x6440</run_address>
         <size>0x14</size>
         <input_file_ref idref="fl-36"/>
      </object_component>
      <object_component id="oc-196">
         <name>EPwm1RegsFile</name>
         <uninitialized>true</uninitialized>
         <run_address>0x6800</run_address>
         <size>0x40</size>
         <input_file_ref idref="fl-36"/>
      </object_component>
      <object_component id="oc-198">
         <name>EPwm2RegsFile</name>
         <uninitialized>true</uninitialized>
         <run_address>0x6840</run_address>
         <size>0x40</size>
         <input_file_ref idref="fl-36"/>
      </object_component>
      <object_component id="oc-19b">
         <name>EPwm3RegsFile</name>
         <uninitialized>true</uninitialized>
         <run_address>0x6880</run_address>
         <size>0x40</size>
         <input_file_ref idref="fl-36"/>
      </object_component>
      <object_component id="oc-1a0">
         <name>EPwm4RegsFile</name>
         <uninitialized>true</uninitialized>
         <run_address>0x68c0</run_address>
         <size>0x40</size>
         <input_file_ref idref="fl-36"/>
      </object_component>
      <object_component id="oc-1a1">
         <name>EPwm5RegsFile</name>
         <uninitialized>true</uninitialized>
         <run_address>0x6900</run_address>
         <size>0x40</size>
         <input_file_ref idref="fl-36"/>
      </object_component>
      <object_component id="oc-19d">
         <name>EPwm6RegsFile</name>
         <uninitialized>true</uninitialized>
         <run_address>0x6940</run_address>
         <size>0x40</size>
         <input_file_ref idref="fl-36"/>
      </object_component>
      <object_component id="oc-19c">
         <name>EPwm7RegsFile</name>
         <uninitialized>true</uninitialized>
         <run_address>0x6980</run_address>
         <size>0x40</size>
         <input_file_ref idref="fl-36"/>
      </object_component>
      <object_component id="oc-17f">
         <name>CsmPwlFile</name>
         <uninitialized>true</uninitialized>
         <run_address>0x3f7ff8</run_address>
         <size>0x8</size>
         <input_file_ref idref="fl-36"/>
      </object_component>
      <object_component id="oc-179">
         <name>PartIdRegsFile</name>
         <uninitialized>true</uninitialized>
         <run_address>0x3d7e80</run_address>
         <size>0x1</size>
         <input_file_ref idref="fl-36"/>
      </object_component>
      <object_component id="oc-56">
         <name>.debug_info</name>
         <load_address>0x0</load_address>
         <run_address>0x0</run_address>
         <size>0x23c6</size>
         <input_file_ref idref="fl-2"/>
      </object_component>
      <object_component id="oc-5e">
         <name>.debug_info</name>
         <load_address>0x23c6</load_address>
         <run_address>0x23c6</run_address>
         <size>0x133</size>
         <input_file_ref idref="fl-4"/>
      </object_component>
      <object_component id="oc-63">
         <name>.debug_info</name>
         <load_address>0x24f9</load_address>
         <run_address>0x24f9</run_address>
         <size>0x110</size>
         <input_file_ref idref="fl-5"/>
      </object_component>
      <object_component id="oc-68">
         <name>.debug_info</name>
         <load_address>0x2609</load_address>
         <run_address>0x2609</run_address>
         <size>0x110</size>
         <input_file_ref idref="fl-6"/>
      </object_component>
      <object_component id="oc-6d">
         <name>.debug_info</name>
         <load_address>0x2719</load_address>
         <run_address>0x2719</run_address>
         <size>0x111</size>
         <input_file_ref idref="fl-7"/>
      </object_component>
      <object_component id="oc-72">
         <name>.debug_info</name>
         <load_address>0x282a</load_address>
         <run_address>0x282a</run_address>
         <size>0x10e</size>
         <input_file_ref idref="fl-8"/>
      </object_component>
      <object_component id="oc-77">
         <name>.debug_info</name>
         <load_address>0x2938</load_address>
         <run_address>0x2938</run_address>
         <size>0x10e</size>
         <input_file_ref idref="fl-9"/>
      </object_component>
      <object_component id="oc-7c">
         <name>.debug_info</name>
         <load_address>0x2a46</load_address>
         <run_address>0x2a46</run_address>
         <size>0x10f</size>
         <input_file_ref idref="fl-a"/>
      </object_component>
      <object_component id="oc-81">
         <name>.debug_info</name>
         <load_address>0x2b55</load_address>
         <run_address>0x2b55</run_address>
         <size>0x111</size>
         <input_file_ref idref="fl-b"/>
      </object_component>
      <object_component id="oc-86">
         <name>.debug_info</name>
         <load_address>0x2c66</load_address>
         <run_address>0x2c66</run_address>
         <size>0x110</size>
         <input_file_ref idref="fl-c"/>
      </object_component>
      <object_component id="oc-8b">
         <name>.debug_info</name>
         <load_address>0x2d76</load_address>
         <run_address>0x2d76</run_address>
         <size>0x111</size>
         <input_file_ref idref="fl-d"/>
      </object_component>
      <object_component id="oc-90">
         <name>.debug_info</name>
         <load_address>0x2e87</load_address>
         <run_address>0x2e87</run_address>
         <size>0x111</size>
         <input_file_ref idref="fl-e"/>
      </object_component>
      <object_component id="oc-95">
         <name>.debug_info</name>
         <load_address>0x2f98</load_address>
         <run_address>0x2f98</run_address>
         <size>0x113</size>
         <input_file_ref idref="fl-f"/>
      </object_component>
      <object_component id="oc-9a">
         <name>.debug_info</name>
         <load_address>0x30ab</load_address>
         <run_address>0x30ab</run_address>
         <size>0x12f</size>
         <input_file_ref idref="fl-10"/>
      </object_component>
      <object_component id="oc-9e">
         <name>.debug_info</name>
         <load_address>0x31da</load_address>
         <run_address>0x31da</run_address>
         <size>0x4e51</size>
         <input_file_ref idref="fl-11"/>
      </object_component>
      <object_component id="oc-a5">
         <name>.debug_info</name>
         <load_address>0x802b</load_address>
         <run_address>0x802b</run_address>
         <size>0x3f4</size>
         <input_file_ref idref="fl-12"/>
      </object_component>
      <object_component id="oc-aa">
         <name>.debug_info</name>
         <load_address>0x841f</load_address>
         <run_address>0x841f</run_address>
         <size>0x4b83</size>
         <input_file_ref idref="fl-13"/>
      </object_component>
      <object_component id="oc-b2">
         <name>.debug_info</name>
         <load_address>0xcfa2</load_address>
         <run_address>0xcfa2</run_address>
         <size>0x2256</size>
         <input_file_ref idref="fl-14"/>
      </object_component>
      <object_component id="oc-b9">
         <name>.debug_info</name>
         <load_address>0xf1f8</load_address>
         <run_address>0xf1f8</run_address>
         <size>0x2531</size>
         <input_file_ref idref="fl-15"/>
      </object_component>
      <object_component id="oc-c1">
         <name>.debug_info</name>
         <load_address>0x11729</load_address>
         <run_address>0x11729</run_address>
         <size>0x102c</size>
         <input_file_ref idref="fl-16"/>
      </object_component>
      <object_component id="oc-c8">
         <name>.debug_info</name>
         <load_address>0x12755</load_address>
         <run_address>0x12755</run_address>
         <size>0x1724</size>
         <input_file_ref idref="fl-17"/>
      </object_component>
      <object_component id="oc-d0">
         <name>.debug_info</name>
         <load_address>0x13e79</load_address>
[...]
      </symbol>
      <symbol id="sm-80e">
         <name>FS$$DIV</name>
         <value>0x3ea4ba</value>
         <object_component_ref idref="oc-204"/>
      </symbol>
      <symbol id="sm-81f">
         <name>FS$$MPY</name>
         <value>0x3ea82f</value>
         <object_component_ref idref="oc-209"/>
      </symbol>
      <symbol id="sm-82c">
         <name>FS$$NEG</name>
         <value>0x3eae4a</value>
         <object_component_ref idref="oc-20e"/>
      </symbol>
      <symbol id="sm-83d">
         <name>FS$$TOI</name>
         <value>0x3eab64</value>
         <object_component_ref idref="oc-213"/>
      </symbol>
      <symbol id="sm-850">
         <name>FS$$TOL</name>
         <value>0x3eab13</value>
         <object_component_ref idref="oc-218"/>
      </symbol>
      <symbol id="sm-861">
         <name>U$$TOFD</name>
         <value>0x3eadbb</value>
         <object_component_ref idref="oc-21d"/>
      </symbol>
      <symbol id="sm-871">
         <name>L$$TOFD</name>
         <value>0x3eacf2</value>
         <object_component_ref idref="oc-222"/>
      </symbol>
      <symbol id="sm-87d">
         <name>UL$$MOD</name>
         <value>0x3eaae4</value>
         <object_component_ref idref="oc-227"/>
      </symbol>
      <symbol id="sm-87e">
         <name>L$$MOD</name>
         <value>0x3eaacf</value>
         <object_component_ref idref="oc-227"/>
      </symbol>
      <symbol id="sm-87f">
         <name>L$$DIV</name>
         <value>0x3eaac0</value>
         <object_component_ref idref="oc-227"/>
      </symbol>
      <symbol id="sm-880">
         <name>UL$$DIV</name>
         <value>0x3eaadd</value>
         <object_component_ref idref="oc-227"/>
      </symbol>
      <symbol id="sm-890">
         <name>FS$$TOFD</name>
         <value>0x3eacd6</value>
         <object_component_ref idref="oc-22c"/>
      </symbol>
      <symbol id="sm-8a0">
         <name>FD$$TOFS</name>
         <value>0x3eac5c</value>
         <object_component_ref idref="oc-231"/>
      </symbol>
      <symbol id="sm-8af">
         <name>_copy_in</name>
         <value>0x3eabad</value>
         <object_component_ref idref="oc-29c"/>
      </symbol>
      <symbol id="sm-8c0">
         <name>_memcpy</name>
         <value>0x3eacb9</value>
         <object_component_ref idref="oc-2aa"/>
      </symbol>
      <symbol id="sm-8cc">
         <name>__system_pre_init</name>
         <value>0x3eae52</value>
         <object_component_ref idref="oc-29b"/>
      </symbol>
      <symbol id="sm-8d8">
         <name>__system_post_cinit</name>
         <value>0x3eae54</value>
         <object_component_ref idref="oc-29d"/>
      </symbol>
      <symbol id="sm-8e2">
         <name>_errno</name>
         <value>0x9873</value>
         <object_component_ref idref="oc-24c"/>
      </symbol>
      <symbol id="sm-8f6">
         <name>C$$EXIT</name>
         <value>0x3eaaea</value>
         <object_component_ref idref="oc-29f"/>
      </symbol>
      <symbol id="sm-8f7">
         <name>_exit</name>
         <value>0x3eaaec</value>
         <object_component_ref idref="oc-29f"/>
      </symbol>
      <symbol id="sm-8f8">
         <name>___TI_cleanup_ptr</name>
         <value>0x96fc</value>
         <object_component_ref idref="oc-250"/>
      </symbol>
      <symbol id="sm-8f9">
         <name>___TI_enable_exit_profile_output</name>
         <value>0x96fa</value>
         <object_component_ref idref="oc-250"/>
      </symbol>
      <symbol id="sm-8fa">
         <name>_abort</name>
         <value>0x3eaaea</value>
         <object_component_ref idref="oc-29f"/>
      </symbol>
      <symbol id="sm-8fb">
         <name>___TI_dtors_ptr</name>
         <value>0x96fe</value>
         <object_component_ref idref="oc-250"/>
      </symbol>
      <symbol id="sm-90f">
         <name>__unlock</name>
         <value>0x9870</value>
         <object_component_ref idref="oc-2c5"/>
      </symbol>
      <symbol id="sm-910">
         <name>__lock</name>
         <value>0x983e</value>
         <object_component_ref idref="oc-2ab"/>
      </symbol>
      <symbol id="sm-911">
         <name>__register_lock</name>
         <value>0x3eae2d</value>
         <object_component_ref idref="oc-2c0"/>
      </symbol>
      <symbol id="sm-912">
         <name>__nop</name>
         <value>0x3eae31</value>
         <object_component_ref idref="oc-2c0"/>
      </symbol>
      <symbol id="sm-913">
         <name>__register_unlock</name>
         <value>0x3eae29</value>
         <object_component_ref idref="oc-2c0"/>
      </symbol>
      <symbol id="sm-922">
         <name>__args_main</name>
         <value>0x3ead43</value>
         <object_component_ref idref="oc-29e"/>
      </symbol>
      <symbol id="sm-987">
         <name>___kernel_rem_pio2</name>
         <value>0x3e8000</value>
         <object_component_ref idref="oc-2c3"/>
      </symbol>
      <symbol id="sm-9a6">
         <name>_floorl</name>
         <value>0x3e9d96</value>
         <object_component_ref idref="oc-2c9"/>
      </symbol>
      <symbol id="sm-9c3">
         <name>_scalbnl</name>
         <value>0x3e9f4e</value>
         <object_component_ref idref="oc-2c8"/>
      </symbol>
      <symbol id="sm-9c4">
         <name>_ldexpl</name>
         <value>0x3e9f4e</value>
         <object_component_ref idref="oc-2c8"/>
      </symbol>
      <symbol id="sm-9d4">
         <name>FD$$CMP</name>
         <value>0x3eaa96</value>
         <object_component_ref idref="oc-271"/>
      </symbol>
      <symbol id="sm-9e0">
         <name>LL$$AND</name>
         <value>0x3ead75</value>
         <object_component_ref idref="oc-276"/>
      </symbol>
      <symbol id="sm-9e1">
         <name>LL$$OR</name>
         <value>0x3ead7d</value>
         <object_component_ref idref="oc-276"/>
      </symbol>
      <symbol id="sm-9e2">
         <name>LL$$XOR</name>
         <value>0x3ead85</value>
         <object_component_ref idref="oc-276"/>
      </symbol>
      <symbol id="sm-9f0">
         <name>I$$MOD</name>
         <value>0x3eac4b</value>
         <object_component_ref idref="oc-27b"/>
      </symbol>
      <symbol id="sm-9f1">
         <name>I$$DIV</name>
         <value>0x3eac3a</value>
         <object_component_ref idref="oc-27b"/>
      </symbol>
      <symbol id="sm-9fe">
         <name>_copysignl</name>
         <value>0x3eabd1</value>
         <object_component_ref idref="oc-2cb"/>
      </symbol>
      <symbol id="sm-a04">
         <name>_SFRA_IQ_BACKGROUND</name>
         <value>0x3e93f8</value>
         <object_component_ref idref="oc-2bf"/>
      </symbol>
      <symbol id="sm-a0c">
         <name>_SFRA_IQ_yCosSum</name>
         <value>0x9b1e</value>
         <object_component_ref idref="oc-286"/>
      </symbol>
      <symbol id="sm-a0d">
         <name>_SFRA_IQ_rSinSum</name>
         <value>0x9b16</value>
         <object_component_ref idref="oc-286"/>
      </symbol>
      <symbol id="sm-a0e">
         <name>_SFRA_IQ_uSinSum</name>
         <value>0x9b14</value>
         <object_component_ref idref="oc-286"/>
      </symbol>
      <symbol id="sm-a0f">
         <name>_SFRA_IQ_amplitude</name>
         <value>0x9b06</value>
         <object_component_ref idref="oc-286"/>
      </symbol>
      <symbol id="sm-a10">
         <name>_SFRA_IQ_rCosSum</name>
         <value>0x9b12</value>
         <object_component_ref idref="oc-286"/>
      </symbol>
      <symbol id="sm-a11">
         <name>_SFRA_IQ_uCosSum</name>
         <value>0x9b0e</value>
         <object_component_ref idref="oc-286"/>
      </symbol>
      <symbol id="sm-a12">
         <name>_SFRA_IQ_reference</name>
         <value>0x9b18</value>
         <object_component_ref idref="oc-286"/>
      </symbol>
      <symbol id="sm-a13">
         <name>_SFRA_IQ_BromSineTableStart</name>
         <value>0x97be</value>
         <object_component_ref idref="oc-287"/>
      </symbol>
      <symbol id="sm-a14">
         <name>_SFRA_IQ_state</name>
         <value>0x9b01</value>
         <object_component_ref idref="oc-286"/>
      </symbol>
      <symbol id="sm-a15">
         <name>_SFRA_IQ_step</name>
         <value>0x9b0c</value>
         <object_component_ref idref="oc-286"/>
      </symbol>
      <symbol id="sm-a16">
         <name>_SFRA_IQ_windowSamples</name>
         <value>0x9b02</value>
         <object_component_ref idref="oc-286"/>
      </symbol>
      <symbol id="sm-a17">
         <name>_SFRA_IQ_tableptrStart</name>
         <value>0x9b1c</value>
         <object_component_ref idref="oc-286"/>
      </symbol>
      <symbol id="sm-a18">
         <name>_SFRA_IQ_tableptr</name>
         <value>0x9b1a</value>
         <object_component_ref idref="oc-286"/>
      </symbol>
      <symbol id="sm-a19">
         <name>_SFRA_IQ_pointer</name>
         <value>0x9b0a</value>
         <object_component_ref idref="oc-286"/>
      </symbol>
      <symbol id="sm-a1a">
         <name>_SFRA_IQ_INIT</name>
         <value>0x3ea31e</value>
         <object_component_ref idref="oc-2ae"/>
      </symbol>
      <symbol id="sm-a1b">
         <name>_SFRA_IQ_Q22_Q16Round</name>
         <value>0x9b08</value>
         <object_component_ref idref="oc-286"/>
      </symbol>
      <symbol id="sm-a1c">
         <name>_SFRA_IQ_StateSlew</name>
         <value>0x9b04</value>
         <object_component_ref idref="oc-286"/>
      </symbol>
      <symbol id="sm-a1d">
         <name>_SFRA_IQ_count</name>
         <value>0x9b03</value>
         <object_component_ref idref="oc-286"/>
      </symbol>
      <symbol id="sm-a1e">
         <name>_SFRA_IQ_preCount</name>
         <value>0x9b00</value>
         <object_component_ref idref="oc-286"/>
      </symbol>
      <symbol id="sm-a1f">
         <name>_SFRA_IQ_ySinSum</name>
         <value>0x9b10</value>
         <object_component_ref idref="oc-286"/>
      </symbol>
      <symbol id="sm-a2a">
         <name>__IQ15div</name>
         <value>0x8178</value>
         <object_component_ref idref="oc-288"/>
      </symbol>
      <symbol id="sm-a34">
         <name>__IQ15isqrt</name>
         <value>0x824d</value>
         <object_component_ref idref="oc-289"/>
      </symbol>
      <symbol id="sm-a3e">
         <name>__IQ15rmpy</name>
         <value>0x836a</value>
         <object_component_ref idref="oc-28a"/>
      </symbol>
      <symbol id="sm-a48">
         <name>__IQ15rsmpy</name>
         <value>0x8340</value>
         <object_component_ref idref="oc-28b"/>
      </symbol>
      <symbol id="sm-a52">
         <name>__IQ15sqrt</name>
         <value>0x8293</value>
         <object_component_ref idref="oc-28c"/>
      </symbol>
      <symbol id="sm-a5c">
         <name>__IQ16atan2</name>
         <value>0x809d</value>
         <object_component_ref idref="oc-28d"/>
      </symbol>
      <symbol id="sm-a67">
         <name>__IQ16div</name>
         <value>0x81bf</value>
         <object_component_ref idref="oc-28e"/>
      </symbol>
      <symbol id="sm-a72">
         <name>__IQ16log</name>
         <value>0x8000</value>
         <object_component_ref idref="oc-28f"/>
      </symbol>
      <symbol id="sm-a7c">
         <name>__IQ16mag</name>
         <value>0x8118</value>
         <object_component_ref idref="oc-290"/>
      </symbol>
      <symbol id="sm-a86">
         <name>__IQ16toF</name>
         <value>0x8356</value>
         <object_component_ref idref="oc-291"/>
      </symbol>
      <symbol id="sm-a91">
         <name>__IQ24div</name>
         <value>0x8206</value>
         <object_component_ref idref="oc-292"/>
      </symbol>
      <symbol id="sm-a9c">
         <name>__IQ24sinPU</name>
         <value>0x8317</value>
         <object_component_ref idref="oc-293"/>
      </symbol>
      <symbol id="sm-aa6">
         <name>__IQ24sqrt</name>
         <value>0x82d5</value>
         <object_component_ref idref="oc-294"/>
      </symbol>
      <symbol id="sm-aaa">
         <name>_IQ16mpyRndSatTable</name>
         <value>0x3fea90</value>
         <object_component_ref idref="oc-295"/>
      </symbol>
      <symbol id="sm-aab">
         <name>_IQ24mpyRndSatTable</name>
         <value>0x3fea30</value>
         <object_component_ref idref="oc-295"/>
      </symbol>
      <symbol id="sm-aac">
         <name>_IQ13mpyRndSatTable</name>
         <value>0x3feab4</value>
         <object_component_ref idref="oc-295"/>
      </symbol>
      <symbol id="sm-aad">
         <name>_IQ21mpyRndSatTable</name>
         <value>0x3fea54</value>
         <object_component_ref idref="oc-295"/>
      </symbol>
      <symbol id="sm-aae">
         <name>_IQ10mpyRndSatTable</name>
         <value>0x3fead8</value>
         <object_component_ref idref="oc-295"/>
      </symbol>
      <symbol id="sm-aaf">
         <name>_IQdivTable</name>
         <value>0x3fe510</value>
         <object_component_ref idref="oc-295"/>
      </symbol>
      <symbol id="sm-ab0">
         <name>_IQ9mpyRndSatTable</name>
         <value>0x3feae4</value>
         <object_component_ref idref="oc-295"/>
      </symbol>
      <symbol id="sm-ab1">
         <name>_IQ6mpyRndSatTable</name>
         <value>0x3feb08</value>
         <object_component_ref idref="oc-295"/>
      </symbol>
      <symbol id="sm-ab2">
         <name>_IQatan2TableEnd</name>
         <value>0x3fe9e8</value>
         <object_component_ref idref="oc-295"/>
      </symbol>
      <symbol id="sm-ab3">
         <name>_IQdivTableEnd</name>
         <value>0x3fe712</value>
         <object_component_ref idref="oc-295"/>
      </symbol>
      <symbol id="sm-ab4">
         <name>_IQ29mpyRndSatTable</name>
         <value>0x3fe9f4</value>
         <object_component_ref idref="oc-295"/>
      </symbol>
      <symbol id="sm-ab5">
         <name>_IQ3mpyRndSatTable</name>
         <value>0x3feb2c</value>
         <object_component_ref idref="oc-295"/>
      </symbol>
      <symbol id="sm-ab6">
         <name>_IQ18mpyRndSatTable</name>
         <value>0x3fea78</value>
         <object_component_ref idref="oc-295"/>
      </symbol>
      <symbol id="sm-ab7">
         <name>_IQ26mpyRndSatTable</name>
         <value>0x3fea18</value>
         <object_component_ref idref="oc-295"/>
      </symbol>
      <symbol id="sm-ab8">
         <name>_IQcosTableEnd</name>
         <value>0x3fe502</value>
         <object_component_ref idref="oc-295"/>
      </symbol>
      <symbol id="sm-ab9">
         <name>_IQsinTableEnd</name>
         <value>0x3fe400</value>
         <object_component_ref idref="oc-295"/>
      </symbol>
      <symbol id="sm-aba">
         <name>_IQ15mpyRndSatTable</name>
         <value>0x3fea9c</value>
         <object_component_ref idref="oc-295"/>
      </symbol>
      <symbol id="sm-abb">
         <name>_IQ23mpyRndSatTable</name>
         <value>0x3fea3c</value>
         <object_component_ref idref="oc-295"/>
      </symbol>
      <symbol id="sm-abc">
         <name>_IQ12mpyRndSatTable</name>
         <value>0x3feac0</value>
         <object_component_ref idref="oc-295"/>
      </symbol>
      <symbol id="sm-abd">
         <name>_IQ20mpyRndSatTable</name>
         <value>0x3fea60</value>
         <object_component_ref idref="oc-295"/>
      </symbol>
      <symbol id="sm-abe">
         <name>_IQisqrtTableEnd</name>
         <value>0x3fe824</value>
         <object_component_ref idref="oc-295"/>
      </symbol>
      <symbol id="sm-abf">
         <name>_IQ8mpyRndSatTable</name>
         <value>0x3feaf0</value>
         <object_component_ref idref="oc-295"/>
      </symbol>
      <symbol id="sm-ac0">
         <name>_IQisqrtRoundSatTable</name>
         <value>0x3fe712</value>
         <object_component_ref idref="oc-295"/>
      </symbol>
      <symbol id="sm-ac1">
         <name>_IQ5mpyRndSatTable</name>
         <value>0x3feb14</value>
         <object_component_ref idref="oc-295"/>
      </symbol>
      <symbol id="sm-ac2">
         <name>_IQmpyRndSatTable</name>
         <value>0x3fe9e8</value>
         <object_component_ref idref="oc-295"/>
      </symbol>
      <symbol id="sm-ac3">
         <name>_IQ28mpyRndSatTable</name>
         <value>0x3fea00</value>
         <object_component_ref idref="oc-295"/>
      </symbol>
      <symbol id="sm-ac4">
         <name>_IQatan2Table</name>
         <value>0x3fe862</value>
         <object_component_ref idref="oc-295"/>
      </symbol>
      <symbol id="sm-ac5">
         <name>_IQ2mpyRndSatTable</name>
         <value>0x3feb38</value>
         <object_component_ref idref="oc-295"/>
      </symbol>
      <symbol id="sm-ac6">
         <name>_IQatan2HalfPITable</name>
         <value>0x3fe824</value>
         <object_component_ref idref="oc-295"/>
      </symbol>
      <symbol id="sm-ac7">
         <name>_IQ17mpyRndSatTable</name>
         <value>0x3fea84</value>
         <object_component_ref idref="oc-295"/>
      </symbol>
      <symbol id="sm-ac8">
         <name>_IQ25mpyRndSatTable</name>
         <value>0x3fea24</value>
         <object_component_ref idref="oc-295"/>
      </symbol>
      <symbol id="sm-ac9">
         <name>_IQsqrtTable</name>
         <value>0x3fe722</value>
         <object_component_ref idref="oc-295"/>
      </symbol>
      <symbol id="sm-aca">
         <name>_IQsqrtTableEnd</name>
         <value>0x3fe824</value>
         <object_component_ref idref="oc-295"/>
      </symbol>
      <symbol id="sm-acb">
         <name>_IQ14mpyRndSatTable</name>
         <value>0x3feaa8</value>
         <object_component_ref idref="oc-295"/>
      </symbol>
      <symbol id="sm-acc">
         <name>_IQ22mpyRndSatTable</name>
         <value>0x3fea48</value>
         <object_component_ref idref="oc-295"/>
      </symbol>
      <symbol id="sm-acd">
         <name>_IQ30mpyRndSatTable</name>
         <value>0x3fe9e8</value>
         <object_component_ref idref="oc-295"/>
      </symbol>
      <symbol id="sm-ace">
         <name>_IQsqrtRoundSatTable</name>
         <value>0x3fe712</value>
         <object_component_ref idref="oc-295"/>
      </symbol>
      <symbol id="sm-acf">
         <name>_IQ11mpyRndSatTable</name>
         <value>0x3feacc</value>
         <object_component_ref idref="oc-295"/>
      </symbol>
      <symbol id="sm-ad0">
         <name>_IQdivRoundSatTable</name>
         <value>0x3fe502</value>
         <object_component_ref idref="oc-295"/>
      </symbol>
      <symbol id="sm-ad1">
         <name>_IQ7mpyRndSatTable</name>
         <value>0x3feafc</value>
         <object_component_ref idref="oc-295"/>
      </symbol>
      <symbol id="sm-ad2">
         <name>_IQcosTable</name>
         <value>0x3fe100</value>
         <object_component_ref idref="oc-295"/>
      </symbol>
      <symbol id="sm-ad3">
         <name>_IQisqrtTable</name>
         <value>0x3fe722</value>
         <object_component_ref idref="oc-295"/>
      </symbol>
      <symbol id="sm-ad4">
         <name>_IQ4mpyRndSatTable</name>
         <value>0x3feb20</value>
         <object_component_ref idref="oc-295"/>
      </symbol>
      <symbol id="sm-ad5">
         <name>_IQ19mpyRndSatTable</name>
         <value>0x3fea6c</value>
         <object_component_ref idref="oc-295"/>
      </symbol>
      <symbol id="sm-ad6">
         <name>_IQ27mpyRndSatTable</name>
         <value>0x3fea0c</value>
         <object_component_ref idref="oc-295"/>
      </symbol>
      <symbol id="sm-ad7">
         <name>_IQmpyRndSatTableEnd</name>
         <value>0x3feb50</value>
         <object_component_ref idref="oc-295"/>
      </symbol>
      <symbol id="sm-ad8">
         <name>_IQ1mpyRndSatTable</name>
         <value>0x3feb44</value>
         <object_component_ref idref="oc-295"/>
      </symbol>
      <symbol id="sm-ad9">
         <name>_IQsinTable</name>
         <value>0x3fe000</value>
         <object_component_ref idref="oc-295"/>
      </symbol>
      <symbol id="sm-ae8">
         <name>L$$TOFS</name>
         <value>0x3ead29</value>
         <object_component_ref idref="oc-296"/>
      </symbol>
   </symbol_table>
   <title>Link successful</title>
</link_info>
