******************************************************************************
             TMS320C2000 Linker PC v17.6.0                     
******************************************************************************
>> Linked Tue Dec 19 13:35:36 2017

OUTPUT FILE NAME:   <Inverter.out>
ENTRY POINT SYMBOL: "_c_int00"  address: 003ea889


MEMORY CONFIGURATION

         name            origin    length      used     unused   attr    fill
----------------------  --------  ---------  --------  --------  ----  --------
PAGE 0:
  progRAM               00008000   00001000  000006ec  00000914  RWIX
  OTP                   003d7800   00000400  00000000  00000400  RWIX
  FLASHCODE             003e8000   00008000  00002e55  000051ab  RWIX
  FLASHC                003f0000   00004000  00000000  00004000  RWIX
  FLASHA                003f6000   00001f80  00000b3d  00001443  RWIX
  CSM_RSVD              003f7f80   00000076  00000076  00000000  RWIX
  BEGIN                 003f7ff6   00000002  00000002  00000000  RWIX
  CSM_PWL               003f7ff8   00000008  00000008  00000000  RWIX
  FPUTABLES             003fd860   000006a0  00000000  000006a0  RWIX
  IQTABLES              003fe000   00000b50  00000b50  00000000  RWIX
  IQTABLES2             003feb50   0000008c  00000000  0000008c  RWIX
  IQTABLES3             003febdc   000000aa  00000000  000000aa  RWIX
  BOOTROM               003ff27c   00000d44  00000000  00000d44  RWIX
  RESET                 003fffc0   00000002  00000000  00000002  RWIX
  VECTORS               003fffc2   0000003e  00000000  0000003e  RWIX

PAGE 1:
  BOOT_RSVD             00000000   00000050  00000000  00000050  RWIX
  RAMM0                 00000050   000003b0  00000300  000000b0  RWIX
  RAMM1                 00000400   00000400  00000000  00000400  RWIX
  DEV_EMU               00000880   00000105  00000004  00000101  RWIX
  SYS_PWR_CTL           00000985   00000003  00000003  00000000  RWIX
  FLASH_REGS            00000a80   00000060  00000008  00000058  RWIX
  CSM                   00000ae0   00000010  00000010  00000000  RWIX
  ADC_RESULT            00000b00   00000020  00000020  00000000  RWIX
  CPU_TIMER0            00000c00   00000008  00000008  00000000  RWIX
  CPU_TIMER1            00000c08   00000008  00000008  00000000  RWIX
  CPU_TIMER2            00000c10   00000008  00000008  00000000  RWIX
  PIE_CTRL              00000ce0   00000020  0000001a  00000006  RWIX
  PIE_VECT              00000d00   00000100  00000100  00000000  RWIX
  CLA1                  00001400   00000080  00000040  00000040  RWIX
  CLA_CPU_MSGRAM        00001480   00000080  00000000  00000080  RWIX
  CPU_CLA_MSGRAM        00001500   00000080  00000000  00000080  RWIX
  ECANA                 00006000   00000040  00000034  0000000c  RWIX
  ECANA_LAM             00006040   00000040  00000040  00000000  RWIX
  ECANA_MOTS            00006080   00000040  00000040  00000000  RWIX
  ECANA_MOTO            000060c0   00000040  00000040  00000000  RWIX
  ECANA_MBOX            00006100   00000100  00000100  00000000  RWIX
  COMP1                 00006400   00000020  00000014  0000000c  RWIX
  COMP2                 00006420   00000020  00000014  0000000c  RWIX
  COMP3                 00006440   00000020  00000014  0000000c  RWIX
  EPWM1                 00006800   00000040  00000040  00000000  RWIX
  EPWM2                 00006840   00000040  00000040  00000000  RWIX
  EPWM3                 00006880   00000040  00000040  00000000  RWIX
  EPWM4                 000068c0   00000040  00000040  00000000  RWIX
  EPWM5                 00006900   00000040  00000040  00000000  RWIX
  EPWM6                 00006940   00000040  00000040  00000000  RWIX
  EPWM7                 00006980   00000040  00000040  00000000  RWIX
  ECAP1                 00006a00   00000020  00000020  00000000  RWIX
  HRCAP1                00006ac0   00000020  00000020  00000000  RWIX
  HRCAP2                00006ae0   00000020  00000020  00000000  RWIX
  EQEP1                 00006b00   00000040  00000040  00000000  RWIX
  LINA                  00006c00   00000080  0000004a  00000036  RWIX
  GPIOCTRL              00006f80   00000040  00000040  00000000  RWIX
  GPIODAT               00006fc0   00000020  00000020  00000000  RWIX
  GPIOINT               00006fe0   00000020  0000000c  00000014  RWIX
  SYSTEM                00007010   00000020  00000020  00000000  RWIX
  SPIA                  00007040   00000010  00000010  00000000  RWIX
  SCIA                  00007050   00000010  00000010  00000000  RWIX
  NMIINTRUPT            00007060   00000010  00000010  00000000  RWIX
  XINTRUPT              00007070   00000010  00000010  00000000  RWIX
  ADC                   00007100   00000080  00000050  00000030  RWIX
  SPIB                  00007740   00000010  00000010  00000000  RWIX
  I2CA                  00007900   00000040  00000022  0000001e  RWIX
  dataRAM               00009000   00001000  00000a9d  00000563  RWIX
  PARTID                003d7e80   00000001  00000001  00000000  RWIX
  FLASHB                003f5000   00002000  00000000  00002000  RWIX
  CSM_PWL               003f7ff8   00000008  00000008  00000000  RWIX


SECTION ALLOCATION MAP

 output                                  attributes/
section   page    origin      length       input sections
--------  ----  ----------  ----------   ----------------
.cinit     0    003f6944    000001f9     
                  003f6944    00000085     voltagesourceinvlcfltr.obj (.cinit)
                  003f69c9    0000006f     F2803XAdcProcess.obj (.cinit)
                  003f6a38    0000004e     FaultsManage.obj (.cinit)
                  003f6a86    00000035     GlobalVariable.obj (.cinit)
                  003f6abb    0000002c     F2803XT0Process.obj (.cinit)
                  003f6ae7    00000014     F2803XI2CProcess.obj (.cinit)
                  003f6afb    00000011     F2803XEpwmProcess.obj (.cinit)
                  003f6b0c    0000000e     rts2800_ml.lib : exit.obj (.cinit)
                  003f6b1a    0000000b     F2803XSpiProcess.obj (.cinit)
                  003f6b25    00000005     rts2800_ml.lib : _lock.obj (.cinit:__lock)
                  003f6b2a    00000005                    : _lock.obj (.cinit:__unlock)
                  003f6b2f    00000004     F2803XGpioProcess.obj (.cinit)
                  003f6b33    00000004     SystemManage.obj (.cinit)
                  003f6b37    00000004     rts2800_ml.lib : errno.obj (.cinit)
                  003f6b3b    00000002     --HOLE-- [fill = 0]

.pinit     0    003f6000    00000000     UNINITIALIZED

.text      0    003e8000    00002e55     
                  003e8000    0000069c     rts2800_ml.lib : k_rem_pio2.obj (.text)
                  003e869c    00000642     voltagesourceinvlcfltr.obj (.text)
                  003e8cde    000002b6     SciCommsGui_32bit.obj (.text)
                  003e8f94    00000249     rts2800_ml.lib : s_tanf.obj (.text)
                  003e91dd    0000021b     F2803XAdcProcess.obj (.text)
                  003e93f8    000001e9     SFRA_IQ_Lib.lib : SFRA_IQ_BACKGROUND.obj (.text)
                  003e95e1    0000017c     DSP2803x_DefaultIsr.obj (.text:retain)
                  003e975d    00000163     F2803XGpioProcess.obj (.text)
                  003e98c0    00000152     F2803XEpwmProcess.obj (.text)
                  003e9a12    0000013f     DSP2803x_SysCtrl.obj (.text)
                  003e9b51    00000133     SINEANALYZER_DIFF_wPWR_IQ.obj (.text)
                  003e9c84    00000112     FaultsManage.obj (.text)
                  003e9d96    000000e9     rts2800_ml.lib : s_floor.obj (.text)
                  003e9e7f    000000cf     F2803XSpiProcess.obj (.text)
                  003e9f4e    000000c1     rts2800_ml.lib : s_scalbn.obj (.text)
                  003ea00f    000000a4     F2803XI2CProcess.obj (.text)
                  003ea0b3    000000a1     profilec.obj (.text)
                  003ea154    0000009c     rts2800_ml.lib : fd_add28.obj (.text)
                  003ea1f0    00000098     CNTL_3P3Z_IQ.obj (.text)
                  003ea288    00000096     SystemManage.obj (.text)
                  003ea31e    0000008e     SFRA_IQ_Lib.lib : SFRA_IQ_INIT.obj (.text)
                  003ea3ac    0000008b     rts2800_ml.lib : fd_div28.obj (.text)
                  003ea437    00000083                    : fd_mpy28.obj (.text)
                  003ea4ba    00000083                    : fs_div28.obj (.text)
                  003ea53d    00000081     sgti3dc.obj (.text)
                  003ea5be    00000078     rts2800_ml.lib : fs_add28.obj (.text)
                  003ea636    00000074     CNTL_2P2Z_IQ.obj (.text)
                  003ea6aa    00000069     F2803XI2CProcess.obj (.text:retain)
                  003ea713    00000063     DSP2803x_CpuTimers.obj (.text)
                  003ea776    0000005e     tzdlgc.obj (.text)
                  003ea7d4    0000005b     F2803XT0Process.obj (.text)
                  003ea82f    0000005a     rts2800_ml.lib : fs_mpy28.obj (.text)
                  003ea889    00000054                    : boot28.obj (.text)
                  003ea8dd    00000043     sgti3c.obj (.text)
                  003ea920    00000040     sgt3dc.obj (.text)
                  003ea960    0000003a     sghp2c.obj (.text)
                  003ea99a    00000039     pid_reg3.obj (.text)
                  003ea9d3    00000035     GlobalVariable.obj (.text)
                  003eaa08    00000034     CNTL_3P3Z_IQ_ASM.obj (.text)
                  003eaa3c    0000002e     sgti2c.obj (.text)
                  003eaa6a    0000002c     CNTL_2P2Z_IQ_ASM.obj (.text)
                  003eaa96    0000002a     rts2800_ml.lib : fd_cmp28.obj (.text)
                  003eaac0    0000002a                    : l_div28.obj (.text)
                  003eaaea    00000029                    : exit.obj (.text)
                  003eab13    00000029                    : fs_tol28.obj (.text)
                  003eab3c    00000028     DSP2803x_PieCtrl.obj (.text)
                  003eab64    00000025     rts2800_ml.lib : fs_toi28.obj (.text)
                  003eab89    00000024     SoftstartGen.obj (.text)
                  003eabad    00000024     rts2800_ml.lib : cpy_tbl.obj (.text)
                  003eabd1    00000023                    : s_copysign.obj (.text)
                  003eabf4    00000023     sghp1c.obj (.text)
                  003eac17    00000023     sgt3c.obj (.text)
                  003eac3a    00000022     rts2800_ml.lib : i_div28.obj (.text)
                  003eac5c    00000021                    : fd_tofs28.obj (.text)
                  003eac7d    0000001f                    : fd_tol28.obj (.text)
                  003eac9c    0000001d     voltagesourceinvlcfltr.obj (.text:retain)
                  003eacb9    0000001d     rts2800_ml.lib : memcpy.obj (.text)
                  003eacd6    0000001c                    : fs_tofd28.obj (.text)
                  003eacf2    0000001c                    : l_tofd28.obj (.text)
                  003ead0e    0000001b     sgti1c.obj (.text)
                  003ead29    0000001a     rts2800_ml.lib : l_tofs28.obj (.text)
                  003ead43    00000019                    : args_main.obj (.text)
                  003ead5c    00000019     sgt2c.obj (.text)
                  003ead75    00000018     rts2800_ml.lib : ll_aox28.obj (.text)
                  003ead8d    00000017     RAMPGEN_IQ.obj (.text)
                  003eada4    00000017     rts2800_ml.lib : fs_cmp28.obj (.text)
                  003eadbb    00000017                    : u_tofd28.obj (.text)
                  003eadd2    00000012     DSP2803x_PieVect.obj (.text)
                  003eade4    00000011     sgt1c.obj (.text)
                  003eadf5    00000010     DSP2803x_ECap.obj (.text)
                  003eae05    0000000e     rts2800_ml.lib : fd_sub28.obj (.text)
                  003eae13    0000000d     rampgc.obj (.text)
                  003eae20    00000009     F2803XDevInit.obj (.text)
                  003eae29    00000009     rts2800_ml.lib : _lock.obj (.text)
                  003eae32    00000009                    : fd_neg28.obj (.text)
                  003eae3b    00000008     DSP2803x_CodeStartBranch.obj (.text)
                  003eae43    00000007     DSP2803x_DisInt.obj (.text)
                  003eae4a    00000005     rts2800_ml.lib : fs_neg28.obj (.text)
                  003eae4f    00000003     DSP2803x_DBGIER.obj (.text)
                  003eae52    00000002     rts2800_ml.lib : pre_init.obj (.text)
                  003eae54    00000001                    : startup.obj (.text)

ramfuncs   0    003f6378    00000374     RUN ADDR = 00008378
                  003f6378    000000fa     F2803XAdcProcess.obj (ramfuncs)
                  003f6472    00000116     F2803XEpwmProcess.obj (ramfuncs)
                  003f6588    00000027     F2803XT0Process.obj (ramfuncs:retain)
                  003f65af    0000011c     voltagesourceinvlcfltr.obj (ramfuncs:retain)
                  003f66cb    0000001d     DSP2803x_SysCtrl.obj (ramfuncs)
                  003f66e8    00000004     DSP2803x_usDelay.obj (ramfuncs)

csm_rsvd   0    003f7f80    00000076     
                  003f7f80    00000076     DSP2803x_CSMPasswords.obj (csm_rsvd)

codestart 
*          0    003f7ff6    00000002     
                  003f7ff6    00000002     DSP2803x_CodeStartBranch.obj (codestart)

csmpasswds 
*          0    003f7ff8    00000008     
                  003f7ff8    00000008     DSP2803x_CSMPasswords.obj (csmpasswds)

.stack     1    00000050    00000300     UNINITIALIZED
                  00000050    00000300     --HOLE--

.ebss      1    00009000    00000874     UNINITIALIZED
                  00009000    000006c8     voltagesourceinvlcfltr.obj (.ebss)
                  000096c8    00000032     F2803XAdcProcess.obj (.ebss)
                  000096fa    00000006     rts2800_ml.lib : exit.obj (.ebss)
                  00009700    000000a4     GlobalVariable.obj (.ebss)
                  000097a4    00000018     DSP2803x_CpuTimers.obj (.ebss)
                  000097bc    00000002     DSP2803x_Lin.obj (.ebss)
                  000097be    00000002     SFRA_IQ_Lib.lib : SFRA_IQ_INIT.obj (.ebss)
                  000097c0    00000060     SciCommsGui_32bit.obj (.ebss)
                  00009820    00000016     F2803XI2CProcess.obj (.ebss)
                  00009836    00000008     F2803XSpiProcess.obj (.ebss)
                  0000983e    00000002     rts2800_ml.lib : _lock.obj (.ebss:__lock)
                  00009840    00000016     FaultsManage.obj (.ebss)
                  00009856    0000000e     F2803XEpwmProcess.obj (.ebss)
                  00009864    0000000b     F2803XT0Process.obj (.ebss)
                  0000986f    00000001     F2803XGpioProcess.obj (.ebss)
                  00009870    00000002     rts2800_ml.lib : _lock.obj (.ebss:__unlock)
                  00009872    00000001     SystemManage.obj (.ebss)
                  00009873    00000001     rts2800_ml.lib : errno.obj (.ebss)

.econst    0    003f66ec    00000258     
                  003f66ec    00000100     DSP2803x_PieVect.obj (.econst:_PieVectTableInit)
                  003f67ec    00000084     rts2800_ml.lib : k_rem_pio2.obj (.econst:_ipio2)
                  003f6870    00000030                    : s_tanf.obj (.econst)
                  003f68a0    0000002c                    : k_rem_pio2.obj (.econst)
                  003f68cc    00000020                    : k_rem_pio2.obj (.econst:_PIo2)
                  003f68ec    0000001c                    : s_scalbn.obj (.econst)
                  003f6908    00000018                    : s_tanf.obj (.econst:_T)
                  003f6920    0000000c                    : s_floor.obj (.econst)
                  003f692c    00000008     F2803XEpwmProcess.obj (.econst)
                  003f6934    00000008     SFRA_IQ_Lib.lib : SFRA_IQ_BACKGROUND.obj (.econst)
                  003f693c    00000004     rts2800_ml.lib : k_rem_pio2.obj (.econst:_init_jk)
                  003f6940    00000004     voltagesourceinvlcfltr.obj (.econst)

IQmath     0    003f6000    00000378     RUN ADDR = 00008000
                  003f6000    0000009d     IQmath.lib : IQ16log.obj (IQmath)
                  003f609d    0000007b                : IQ16atan2.obj (IQmath)
                  003f6118    00000060                : IQ16mag.obj (IQmath)
                  003f6178    00000047                : IQ15div.obj (IQmath)
                  003f61bf    00000047                : IQ16div.obj (IQmath)
                  003f6206    00000047                : IQ24div.obj (IQmath)
                  003f624d    00000046                : IQ15isqrt.obj (IQmath)
                  003f6293    00000042                : IQ15sqrt.obj (IQmath)
                  003f62d5    00000042                : IQ24sqrt.obj (IQmath)
                  003f6317    00000029                : IQ24sinPU.obj (IQmath)
                  003f6340    00000016                : IQ15rsmpy.obj (IQmath)
                  003f6356    00000014                : IQ16toF.obj (IQmath)
                  003f636a    0000000e                : IQ15rmpy.obj (IQmath)

IQmathTables 
*          0    003fe000    00000b50     NOLOAD SECTION
                  003fe000    00000b50     IQmath.lib : IQmathTables.obj (IQmathTables)

.reset     0    003fffc0    00000002     DSECT
                  003fffc0    00000002     rts2800_ml.lib : boot28.obj (.reset)

vectors    0    003fffc2    00000000     DSECT

DevEmuRegsFile 
*          1    00000880    00000004     UNINITIALIZED
                  00000880    00000004     DSP2803x_GlobalVariableDefs.obj (DevEmuRegsFile)

SysPwrCtrlRegsFile 
*          1    00000985    00000003     UNINITIALIZED
                  00000985    00000003     DSP2803x_GlobalVariableDefs.obj (SysPwrCtrlRegsFile)

FlashRegsFile 
*          1    00000a80    00000008     UNINITIALIZED
                  00000a80    00000008     DSP2803x_GlobalVariableDefs.obj (FlashRegsFile)

CsmRegsFile 
*          1    00000ae0    00000010     UNINITIALIZED
                  00000ae0    00000010     DSP2803x_GlobalVariableDefs.obj (CsmRegsFile)

AdcResultFile 
*          1    00000b00    00000020     UNINITIALIZED
                  00000b00    00000020     DSP2803x_GlobalVariableDefs.obj (AdcResultFile)

CpuTimer0RegsFile 
*          1    00000c00    00000008     UNINITIALIZED
                  00000c00    00000008     DSP2803x_GlobalVariableDefs.obj (CpuTimer0RegsFile)

CpuTimer1RegsFile 
*          1    00000c08    00000008     UNINITIALIZED
                  00000c08    00000008     DSP2803x_GlobalVariableDefs.obj (CpuTimer1RegsFile)

CpuTimer2RegsFile 
*          1    00000c10    00000008     UNINITIALIZED
                  00000c10    00000008     DSP2803x_GlobalVariableDefs.obj (CpuTimer2RegsFile)

PieCtrlRegsFile 
*          1    00000ce0    0000001a     UNINITIALIZED
                  00000ce0    0000001a     DSP2803x_GlobalVariableDefs.obj (PieCtrlRegsFile)

ECanaMOTSRegsFile 
*          1    00006080    00000040     UNINITIALIZED
                  00006080    00000040     DSP2803x_GlobalVariableDefs.obj (ECanaMOTSRegsFile)

ECanaMOTORegsFile 
*          1    000060c0    00000040     UNINITIALIZED
                  000060c0    00000040     DSP2803x_GlobalVariableDefs.obj (ECanaMOTORegsFile)

Comp1RegsFile 
*          1    00006400    00000014     UNINITIALIZED
                  00006400    00000014     DSP2803x_GlobalVariableDefs.obj (Comp1RegsFile)

Comp2RegsFile 
*          1    00006420    00000014     UNINITIALIZED
                  00006420    00000014     DSP2803x_GlobalVariableDefs.obj (Comp2RegsFile)

Comp3RegsFile 
*          1    00006440    00000014     UNINITIALIZED
                  00006440    00000014     DSP2803x_GlobalVariableDefs.obj (Comp3RegsFile)

EPwm1RegsFile 
*          1    00006800    00000040     UNINITIALIZED
                  00006800    00000040     DSP2803x_GlobalVariableDefs.obj (EPwm1RegsFile)

EPwm2RegsFile 
*          1    00006840    00000040     UNINITIALIZED
                  00006840    00000040     DSP2803x_GlobalVariableDefs.obj (EPwm2RegsFile)

EPwm3RegsFile 
*          1    00006880    00000040     UNINITIALIZED
                  00006880    00000040     DSP2803x_GlobalVariableDefs.obj (EPwm3RegsFile)

EPwm4RegsFile 
*          1    000068c0    00000040     UNINITIALIZED
                  000068c0    00000040     DSP2803x_GlobalVariableDefs.obj (EPwm4RegsFile)

EPwm5RegsFile 
*          1    00006900    00000040     UNINITIALIZED
                  00006900    00000040     DSP2803x_GlobalVariableDefs.obj (EPwm5RegsFile)

EPwm6RegsFile 
*          1    00006940    00000040     UNINITIALIZED
                  00006940    00000040     DSP2803x_GlobalVariableDefs.obj (EPwm6RegsFile)

EPwm7RegsFile 
*          1    00006980    00000040     UNINITIALIZED
                  00006980    00000040     DSP2803x_GlobalVariableDefs.obj (EPwm7RegsFile)

SciaRegsFile 
*          1    00007050    00000010     UNINITIALIZED
                  00007050    00000010     DSP2803x_GlobalVariableDefs.obj (SciaRegsFile)

NmiIntruptRegsFile 
*          1    00007060    00000010     UNINITIALIZED
                  00007060    00000010     DSP2803x_GlobalVariableDefs.obj (NmiIntruptRegsFile)

XIntruptRegsFile 
*          1    00007070    00000010     UNINITIALIZED
                  00007070    00000010     DSP2803x_GlobalVariableDefs.obj (XIntruptRegsFile)

AdcRegsFile 
*          1    00007100    00000050     UNINITIALIZED
                  00007100    00000050     DSP2803x_GlobalVariableDefs.obj (AdcRegsFile)

SINTBL     1    00009874    00000101     
                  00009874    00000101     SINTB360.obj (SINTBL)

cntl_coeff_RAM 
*          1    00009980    00000054     UNINITIALIZED
                  00009980    00000054     voltagesourceinvlcfltr.obj (cntl_coeff_RAM)

cntl_var_RAM 
*          1    00009a00    00000054     UNINITIALIZED
                  00009a00    00000054     voltagesourceinvlcfltr.obj (cntl_var_RAM)

cntl_coeff_RAM2 
*          1    00009a80    00000030     UNINITIALIZED
                  00009a80    00000030     voltagesourceinvlcfltr.obj (cntl_coeff_RAM2)

cntl_var_RAM2 
*          1    00009ac0    00000030     UNINITIALIZED
                  00009ac0    00000030     voltagesourceinvlcfltr.obj (cntl_var_RAM2)

SFRA_IQ_Data 
*          1    00009b00    00000020     UNINITIALIZED
                  00009b00    00000020     SFRA_IQ_Lib.lib : SFRA_IQ_INIT.obj (SFRA_IQ_Data)

PieVectTableFile 
*          1    00000d00    00000100     UNINITIALIZED
                  00000d00    00000100     DSP2803x_GlobalVariableDefs.obj (PieVectTableFile)

EmuKeyVar 
*          1    00000d00    00000001     UNINITIALIZED
                  00000d00    00000001     DSP2803x_GlobalVariableDefs.obj (EmuKeyVar)

EmuBModeVar 
*          1    00000d01    00000001     UNINITIALIZED
                  00000d01    00000001     DSP2803x_GlobalVariableDefs.obj (EmuBModeVar)

FlashCallbackVar 
*          1    00000d02    00000002     UNINITIALIZED
                  00000d02    00000002     DSP2803x_GlobalVariableDefs.obj (FlashCallbackVar)

FlashScalingVar 
*          1    00000d04    00000002     UNINITIALIZED
                  00000d04    00000002     DSP2803x_GlobalVariableDefs.obj (FlashScalingVar)

Cla1RegsFile 
*          1    00001400    00000040     UNINITIALIZED
                  00001400    00000040     DSP2803x_GlobalVariableDefs.obj (Cla1RegsFile)

ECanaRegsFile 
*          1    00006000    00000034     UNINITIALIZED
                  00006000    00000034     DSP2803x_GlobalVariableDefs.obj (ECanaRegsFile)

ECanaLAMRegsFile 
*          1    00006040    00000040     UNINITIALIZED
                  00006040    00000040     DSP2803x_GlobalVariableDefs.obj (ECanaLAMRegsFile)

ECanaMboxesFile 
*          1    00006100    00000100     UNINITIALIZED
                  00006100    00000100     DSP2803x_GlobalVariableDefs.obj (ECanaMboxesFile)

ECap1RegsFile 
*          1    00006a00    00000020     UNINITIALIZED
                  00006a00    00000020     DSP2803x_GlobalVariableDefs.obj (ECap1RegsFile)

HRCap1RegsFile 
*          1    00006ac0    00000020     UNINITIALIZED
                  00006ac0    00000020     DSP2803x_GlobalVariableDefs.obj (HRCap1RegsFile)

HRCap2RegsFile 
*          1    00006ae0    00000020     UNINITIALIZED
                  00006ae0    00000020     DSP2803x_GlobalVariableDefs.obj (HRCap2RegsFile)

EQep1RegsFile 
*          1    00006b00    00000040     UNINITIALIZED
                  00006b00    00000040     DSP2803x_GlobalVariableDefs.obj (EQep1RegsFile)

LinaRegsFile 
*          1    00006c00    0000004a     UNINITIALIZED
                  00006c00    0000004a     DSP2803x_GlobalVariableDefs.obj (LinaRegsFile)

GpioCtrlRegsFile 
*          1    00006f80    00000040     UNINITIALIZED
                  00006f80    00000040     DSP2803x_GlobalVariableDefs.obj (GpioCtrlRegsFile)

GpioDataRegsFile 
*          1    00006fc0    00000020     UNINITIALIZED
                  00006fc0    00000020     DSP2803x_GlobalVariableDefs.obj (GpioDataRegsFile)

GpioIntRegsFile 
*          1    00006fe0    0000000c     UNINITIALIZED
                  00006fe0    0000000c     DSP2803x_GlobalVariableDefs.obj (GpioIntRegsFile)

SysCtrlRegsFile 
*          1    00007010    00000020     UNINITIALIZED
                  00007010    00000020     DSP2803x_GlobalVariableDefs.obj (SysCtrlRegsFile)

SpiaRegsFile 
*          1    00007040    00000010     UNINITIALIZED
                  00007040    00000010     DSP2803x_GlobalVariableDefs.obj (SpiaRegsFile)

SpibRegsFile 
*          1    00007740    00000010     UNINITIALIZED
                  00007740    00000010     DSP2803x_GlobalVariableDefs.obj (SpibRegsFile)

I2caRegsFile 
*          1    00007900    00000022     UNINITIALIZED
                  00007900    00000022     DSP2803x_GlobalVariableDefs.obj (I2caRegsFile)

PartIdRegsFile 
*          1    003d7e80    00000001     UNINITIALIZED
                  003d7e80    00000001     DSP2803x_GlobalVariableDefs.obj (PartIdRegsFile)

CsmPwlFile 
*          1    003f7ff8    00000008     UNINITIALIZED
                  003f7ff8    00000008     DSP2803x_GlobalVariableDefs.obj (CsmPwlFile)

MODULE SUMMARY

       Module                            code    initialized data   uninitialized data
       ------                            ----    ----------------   ------------------
    .\SFRA\
       SciCommsGui_32bit.obj             694     0                  96                
    +--+---------------------------------+-------+------------------+--------------------+
       Total:                            694     0                  96                
                                                                                      
    .\SGEN\source\C28x_SGEN_LIB\
       SINTB360.obj                      0       257                0                 
       profilec.obj                      161     0                  0                 
       sgti3dc.obj                       129     0                  0                 
       tzdlgc.obj                        94      0                  0                 
       sgti3c.obj                        67      0                  0                 
       sgt3dc.obj                        64      0                  0                 
       sghp2c.obj                        58      0                  0                 
       sgti2c.obj                        46      0                  0                 
       sghp1c.obj                        35      0                  0                 
       sgt3c.obj                         35      0                  0                 
       sgti1c.obj                        27      0                  0                 
       sgt2c.obj                         25      0                  0                 
       sgt1c.obj                         17      0                  0                 
       rampgc.obj                        13      0                  0                 
    +--+---------------------------------+-------+------------------+--------------------+
       Total:                            771     257                0                 
                                                                                      
    .\UserSource\
       voltagesourceinvlcfltr.obj        2199    137                2000              
       F2803XAdcProcess.obj              1039    111                50                
       F2803XEpwmProcess.obj             894     25                 14                
       FaultsManage.obj                  274     78                 22                
       F2803XGpioProcess.obj             355     4                  1                 
       F2803XI2CProcess.obj              269     20                 22                
       GlobalVariable.obj                53      53                 164               
       F2803XSpiProcess.obj              207     11                 8                 
       F2803XT0Process.obj               169     44                 11                
       SystemManage.obj                  150     4                  1                 
       pid_reg3.obj                      57      0                  0                 
       SoftstartGen.obj                  36      0                  0                 
       F2803XDevInit.obj                 9       0                  0                 
    +--+---------------------------------+-------+------------------+--------------------+
       Total:                            5711    487                2293              
                                                                                      
    .\common\source\
       DSP2803x_DefaultIsr.obj           380     0                  0                 
       DSP2803x_SysCtrl.obj              377     0                  0                 
       DSP2803x_PieVect.obj              18      256                0                 
       DSP2803x_CSMPasswords.obj         0       126                0                 
       DSP2803x_CpuTimers.obj            99      0                  24                
       DSP2803x_PieCtrl.obj              40      0                  0                 
       DSP2803x_ECap.obj                 16      0                  0                 
       DSP2803x_CodeStartBranch.obj      10      0                  0                 
       DSP2803x_usDelay.obj              8       0                  0                 
       DSP2803x_DisInt.obj               7       0                  0                 
       DSP2803x_DBGIER.obj               3       0                  0                 
       DSP2803x_Lin.obj                  0       0                  2                 
    +--+---------------------------------+-------+------------------+--------------------+
       Total:                            958     382                26                
                                                                                      
    .\headers\source\
       DSP2803x_GlobalVariableDefs.obj   0       0                  2024              
    +--+---------------------------------+-------+------------------+--------------------+
       Total:                            0       0                  2024              
                                                                                      
    .\solar\v1.2\IQ\source\
       SINEANALYZER_DIFF_wPWR_IQ.obj     307     0                  0                 
       CNTL_3P3Z_IQ.obj                  152     0                  0                 
       CNTL_2P2Z_IQ.obj                  116     0                  0                 
       CNTL_3P3Z_IQ_ASM.obj              52      0                  0                 
       CNTL_2P2Z_IQ_ASM.obj              44      0                  0                 
       RAMPGEN_IQ.obj                    23      0                  0                 
    +--+---------------------------------+-------+------------------+--------------------+
       Total:                            694     0                  0                 
                                                                                      
    ../IQmath/c28/lib/IQmath.lib
       IQmathTables.obj                  0       2896               0                 
       IQ16log.obj                       0       314                0                 
       IQ16atan2.obj                     0       246                0                 
       IQ16mag.obj                       0       192                0                 
       IQ15div.obj                       0       142                0                 
       IQ16div.obj                       0       142                0                 
       IQ24div.obj                       0       142                0                 
       IQ15isqrt.obj                     0       140                0                 
       IQ15sqrt.obj                      0       132                0                 
       IQ24sqrt.obj                      0       132                0                 
       IQ24sinPU.obj                     0       82                 0                 
       IQ15rsmpy.obj                     0       44                 0                 
       IQ16toF.obj                       0       40                 0                 
       IQ15rmpy.obj                      0       28                 0                 
    +--+---------------------------------+-------+------------------+--------------------+
       Total:                            0       4672               0                 
                                                                                      
    C:/ti/17.6.0/lib/rts2800_ml.lib
       k_rem_pio2.obj                    1692    212                0                 
       s_tanf.obj                        585     72                 0                 
       s_floor.obj                       233     12                 0                 
       s_scalbn.obj                      193     28                 0                 
       fd_add28.obj                      156     0                  0                 
       fd_div28.obj                      139     0                  0                 
       fd_mpy28.obj                      131     0                  0                 
       fs_div28.obj                      131     0                  0                 
       fs_add28.obj                      120     0                  0                 
       fs_mpy28.obj                      90      0                  0                 
       boot28.obj                        84      0                  0                 
       exit.obj                          41      14                 6                 
       fd_cmp28.obj                      42      0                  0                 
       l_div28.obj                       42      0                  0                 
       fs_tol28.obj                      41      0                  0                 
       fs_toi28.obj                      37      0                  0                 
       cpy_tbl.obj                       36      0                  0                 
       s_copysign.obj                    35      0                  0                 
       i_div28.obj                       34      0                  0                 
       fd_tofs28.obj                     33      0                  0                 
       fd_tol28.obj                      31      0                  0                 
       memcpy.obj                        29      0                  0                 
       fs_tofd28.obj                     28      0                  0                 
       l_tofd28.obj                      28      0                  0                 
       l_tofs28.obj                      26      0                  0                 
       args_main.obj                     25      0                  0                 
       ll_aox28.obj                      24      0                  0                 
       _lock.obj                         9       10                 4                 
       fs_cmp28.obj                      23      0                  0                 
       u_tofd28.obj                      23      0                  0                 
       fd_sub28.obj                      14      0                  0                 
       fd_neg28.obj                      9       0                  0                 
       errno.obj                         0       4                  1                 
       fs_neg28.obj                      5       0                  0                 
       pre_init.obj                      2       0                  0                 
       startup.obj                       1       0                  0                 
    +--+---------------------------------+-------+------------------+--------------------+
       Total:                            4172    352                11                
                                                                                      
    R:/08 - R&D/12 - Marty Ma/Firmware/InverterFWA0/SFRA/IQ/lib/SFRA_IQ_Lib.lib
       SFRA_IQ_BACKGROUND.obj            489     8                  0                 
       SFRA_IQ_INIT.obj                  142     0                  34                
    +--+---------------------------------+-------+------------------+--------------------+
       Total:                            631     8                  34                
                                                                                      
       Stack:                            0       0                  768               
    +--+---------------------------------+-------+------------------+--------------------+
       Grand Total:                      13631   6158               5252              


GLOBAL DATA SYMBOLS: SORTED BY DATA PAGE

address     data page           name
--------    ----------------    ----
00000050       1 (00000040)     __stack

00000880      22 (00000880)     _DevEmuRegs

00000985      26 (00000980)     _SysPwrCtrlRegs

00000a80      2a (00000a80)     _FlashRegs

00000ae0      2b (00000ac0)     _CsmRegs

00000b00      2c (00000b00)     _AdcResult

00000c00      30 (00000c00)     _CpuTimer0Regs
00000c08      30 (00000c00)     _CpuTimer1Regs
00000c10      30 (00000c00)     _CpuTimer2Regs

00000ce0      33 (00000cc0)     _PieCtrlRegs

00000d00      34 (00000d00)     _EmuKey
00000d00      34 (00000d00)     _PieVectTable
00000d01      34 (00000d00)     _EmuBMode
00000d02      34 (00000d00)     _Flash_CallbackPtr
00000d04      34 (00000d00)     _Flash_CPUScaleFactor

00001400      50 (00001400)     _Cla1Regs

00006000     180 (00006000)     _ECanaRegs

00006040     181 (00006040)     _ECanaLAMRegs

00006080     182 (00006080)     _ECanaMOTSRegs

000060c0     183 (000060c0)     _ECanaMOTORegs

00006100     184 (00006100)     _ECanaMboxes

00006400     190 (00006400)     _Comp1Regs
00006420     190 (00006400)     _Comp2Regs

00006440     191 (00006440)     _Comp3Regs

00006800     1a0 (00006800)     _EPwm1Regs

00006840     1a1 (00006840)     _EPwm2Regs

00006880     1a2 (00006880)     _EPwm3Regs

000068c0     1a3 (000068c0)     _EPwm4Regs

00006900     1a4 (00006900)     _EPwm5Regs

00006940     1a5 (00006940)     _EPwm6Regs

00006980     1a6 (00006980)     _EPwm7Regs

00006a00     1a8 (00006a00)     _ECap1Regs

00006ac0     1ab (00006ac0)     _HRCap1Regs
00006ae0     1ab (00006ac0)     _HRCap2Regs

00006b00     1ac (00006b00)     _EQep1Regs

00006c00     1b0 (00006c00)     _LinaRegs

00006f80     1be (00006f80)     _GpioCtrlRegs

00006fc0     1bf (00006fc0)     _GpioDataRegs
00006fe0     1bf (00006fc0)     _GpioIntRegs

00007010     1c0 (00007000)     _SysCtrlRegs

00007040     1c1 (00007040)     _SpiaRegs
00007050     1c1 (00007040)     _SciaRegs
00007060     1c1 (00007040)     _NmiIntruptRegs
00007070     1c1 (00007040)     _XIntruptRegs

00007100     1c4 (00007100)     _AdcRegs

00007740     1dd (00007740)     _SpibRegs

00007900     1e4 (00007900)     _I2caRegs

00008000     200 (00008000)     __IQ16log

0000809d     202 (00008080)     __IQ16atan2

00008118     204 (00008100)     __IQ16mag

00008178     205 (00008140)     __IQ15div

000081bf     206 (00008180)     __IQ16div

00008206     208 (00008200)     __IQ24div

0000824d     209 (00008240)     __IQ15isqrt

00008293     20a (00008280)     __IQ15sqrt

000082d5     20b (000082c0)     __IQ24sqrt

00008317     20c (00008300)     __IQ24sinPU

00008340     20d (00008340)     __IQ15rsmpy
00008356     20d (00008340)     __IQ16toF
0000836a     20d (00008340)     __IQ15rmpy

00009000     240 (00009000)     _TZ1Count
00009001     240 (00009000)     _BackTicker
00009002     240 (00009000)     _SerialCommsTimer
00009003     240 (00009000)     _IsrTicker
00009004     240 (00009000)     _CommsOKflg
00009005     240 (00009000)     _gu16_TZFaultFlag
00009006     240 (00009000)     _initializationFlag
00009007     240 (00009000)     _wSumCnt
00009008     240 (00009000)     _EnableFlag
0000900a     240 (00009000)     _Ts
0000900c     240 (00009000)     _wrcV_1H
0000900e     240 (00009000)     _wrcV_3H
00009010     240 (00009000)     _woF_5H
00009012     240 (00009000)     _woF_7H
00009014     240 (00009000)     _gain
00009016     240 (00009000)     _z0
00009018     240 (00009000)     _wrcV_5H
0000901a     240 (00009000)     _wrcV_7H
0000901c     240 (00009000)     _kiV_1H
0000901e     240 (00009000)     _kiV_3H
00009020     240 (00009000)     _fs
00009022     240 (00009000)     _kpV_1H
00009024     240 (00009000)     _woF_1H
00009026     240 (00009000)     _woF_3H
00009028     240 (00009000)     _kiV_5H
0000902a     240 (00009000)     _kiV_7H
0000902c     240 (00009000)     _Test
0000902e     240 (00009000)     _drv1
00009034     240 (00009000)     _ssgen1

00009040     241 (00009040)     _rgen1
00009048     241 (00009040)     _sfra1
00009060     241 (00009040)     _varSetSldrList

00009080     242 (00009080)     _varGetList
000090a0     242 (00009080)     _varSetTxtList

000090c0     243 (000090c0)     _varSetBtnList
000090e0     243 (000090c0)     _arrayGetList

00009100     244 (00009100)     _dataSetList

00009140     245 (00009140)     _pid1

00009180     246 (00009180)     _sine_mains

000091c0     247 (000091c0)     _adc1

00009200     248 (00009200)     _Plant_MagVect

00009300     24c (00009300)     _OL_PhaseVect

00009400     250 (00009400)     _FreqVect

00009500     254 (00009500)     _Plant_PhaseVect

00009600     258 (00009600)     _OL_MagVect

000096c8     25b (000096c0)     _VoltageHVDCOldValueNoOffset
000096c9     25b (000096c0)     _VoltageHVDCOldValue
000096ca     25b (000096c0)     _VHVDCCoeffB
000096cb     25b (000096c0)     _VHVDCCoeffA
000096cc     25b (000096c0)     _CurrentOldValue
000096cd     25b (000096c0)     _CurrentOldValueNoOffset
000096ce     25b (000096c0)     _VoltageACOldValueNoOffset
000096cf     25b (000096c0)     _VoltageACOldValue
000096d0     25b (000096c0)     _IBATCoeffB
000096d1     25b (000096c0)     _IBATCoeffA
000096d2     25b (000096c0)     _TEMPCoeffB
000096d3     25b (000096c0)     _TEMPCoeffA
000096d4     25b (000096c0)     _IHVDCCoeffB
000096d5     25b (000096c0)     _IHVDCCoeffA
000096d6     25b (000096c0)     _VBATCoeffB
000096d7     25b (000096c0)     _ADCVAC_Raw
000096d8     25b (000096c0)     _ADCIAC_Raw
000096d9     25b (000096c0)     _VBATCoeffA
000096da     25b (000096c0)     _ADCVHVDC_Raw
000096dc     25b (000096c0)     _IBATNormalFiltered
000096de     25b (000096c0)     _IHVDCNormalFiltered
000096e0     25b (000096c0)     _TEMPNormalFiltered
000096e2     25b (000096c0)     _VBATNormalFiltered
000096e4     25b (000096c0)     _VHVDCNormalFiltered
000096e6     25b (000096c0)     _giq16_ADCOffset
000096e8     25b (000096c0)     _giq16_ADCGain
000096ea     25b (000096c0)     _ADCBuf
000096fa     25b (000096c0)     ___TI_enable_exit_profile_output
000096fc     25b (000096c0)     ___TI_cleanup_ptr
000096fe     25b (000096c0)     ___TI_dtors_ptr

00009700     25c (00009700)     _clearInvTrip
00009701     25c (00009700)     _rlyConnect
00009702     25c (00009700)     _closeILoopInv
00009703     25c (00009700)     _closeVLoopInv
00009704     25c (00009700)     _offsetCalCounter
00009705     25c (00009700)     _ClearInvTrip
00009706     25c (00009700)     _gi16_CarrierPeriod
00009707     25c (00009700)     _zeroCrossDetectFlag
00009708     25c (00009700)     _guiIi
0000970a     25c (00009700)     _guiIo
0000970c     25c (00009700)     _guiFreqAvg
0000970e     25c (00009700)     _guiPowerFactor
00009710     25c (00009700)     _guiVA
00009712     25c (00009700)     _guiPrms
00009714     25c (00009700)     _guiACFreq
00009716     25c (00009700)     _guiIrms
00009718     25c (00009700)     _guiVavg
0000971a     25c (00009700)     _guiVrms
0000971c     25c (00009700)     _guiVo
0000971e     25c (00009700)     _invDuty
00009720     25c (00009700)     _invDutyPUPrev
00009722     25c (00009700)     _invDutyCompl
00009724     25c (00009700)     _invSine
00009726     25c (00009700)     _halfPWMPeriod
00009728     25c (00009700)     _k1
0000972a     25c (00009700)     _guiVema
0000972c     25c (00009700)     _k2
0000972e     25c (00009700)     _invDutyPU
00009730     25c (00009700)     _offset165
00009732     25c (00009700)     _invIoInst
00009734     25c (00009700)     _invIoInstSD
00009736     25c (00009700)     _invIfInstSD
00009738     25c (00009700)     _invIfSDOffset
0000973a     25c (00009700)     _invVoSDOffset
0000973c     25c (00009700)     _invVbusInst
0000973e     25c (00009700)     _invIoSDOffset

00009740     25d (00009740)     _invIiInstSD
00009742     25d (00009740)     _invVoInst
00009744     25d (00009740)     _invIiInst
00009746     25d (00009740)     _invIiInstADC
00009748     25d (00009740)     _invIiOffset
0000974a     25d (00009740)     _invVoOffset
0000974c     25d (00009740)     _invVoInstADC
0000974e     25d (00009740)     _invVoInstSD
00009750     25d (00009740)     _invIiRefInst
00009752     25d (00009740)     _invIoRefInst
00009754     25d (00009740)     _invVoRef
00009756     25d (00009740)     _invVoRefCal
00009758     25d (00009740)     _guiVbus
0000975a     25d (00009740)     _invSinePrev
0000975c     25d (00009740)     _invVoRefInst
0000975e     25d (00009740)     _invVbusOffset
00009760     25d (00009740)     _invVbusSDOffset
00009762     25d (00009740)     _invVbusInstADC
00009764     25d (00009740)     _invVbusInstSD
00009766     25d (00009740)     _invIoRef
00009768     25d (00009740)     _invVbusRef
0000976a     25d (00009740)     _invVbusAvg
0000976c     25d (00009740)     _invIiRef

00009780     25e (00009780)     _gu16_DspParameter
000097a4     25e (00009780)     _CpuTimer1
000097ac     25e (00009780)     _CpuTimer2
000097b4     25e (00009780)     _CpuTimer0
000097bc     25e (00009780)     _P1
000097bd     25e (00009780)     _P0
000097be     25e (00009780)     _SFRA_IQ_BromSineTableStart

000097c0     25f (000097c0)     _dataOut16
000097c1     25f (000097c0)     _RcvTskPtrShdw
000097c2     25f (000097c0)     _NumWords
000097c3     25f (000097c0)     _wordsLeftToGet
000097c4     25f (000097c0)     _MemGetPtr
000097c5     25f (000097c0)     _delayer
000097c6     25f (000097c0)     _MemSetPtr
000097c7     25f (000097c0)     _MemGetAmount
000097c8     25f (000097c0)     _TaskDoneFlag
000097c9     25f (000097c0)     _RxWord
000097ca     25f (000097c0)     _LowByteFlag
000097cb     25f (000097c0)     _RxChar
000097cc     25f (000097c0)     _SendTaskPtr
000097ce     25f (000097c0)     _Temp
000097d0     25f (000097c0)     _MemSetValue
000097d2     25f (000097c0)     _MemGetAddress
000097d4     25f (000097c0)     _memDataPtr16
000097d6     25f (000097c0)     _dataOut32
000097d8     25f (000097c0)     _RcvTaskPointer
000097da     25f (000097c0)     _memDataPtr32
000097dc     25f (000097c0)     _CmdPacket

00009800     260 (00009800)     _CmdDispatcher
00009820     260 (00009800)     _PassCount
00009821     260 (00009800)     _FailCount
00009822     260 (00009800)     _CurrentMsgPtr
00009824     260 (00009800)     _I2cMsgIn1
0000982d     260 (00009800)     _I2cMsgOut1
00009836     260 (00009800)     _SpiA_Rx_data
0000983a     260 (00009800)     _SpiA_Tx_data
0000983e     260 (00009800)     __lock

00009840     261 (00009840)     _CntVHVDCUndervoltage
00009841     261 (00009840)     _CntVHVDCShutOverCurrent
00009842     261 (00009840)     _CntVHVDCShutOverVoltage
00009843     261 (00009840)     _CntFanFault
00009844     261 (00009840)     _CntBatShutOverCurrent
00009847     261 (00009840)     _CntVoltage10Hz
00009849     261 (00009840)     _Cnt10Hz
0000984a     261 (00009840)     _CntShutHeatSinkTemp
0000984b     261 (00009840)     _CntWarnHeatSinkTemp
0000984c     261 (00009840)     _CntShutPhaseCurrentOverrun
0000984d     261 (00009840)     _CntBatShutOverVoltage
0000984e     261 (00009840)     _CntShutPhaseCurrentOffset
0000984f     261 (00009840)     _CntBatUndervoltage
00009852     261 (00009840)     _SystemFalutFlag
00009856     261 (00009840)     _ePWM
00009864     261 (00009840)     _StateTaskCount
00009865     261 (00009840)     _HeatSinkTempTaskCount
00009866     261 (00009840)     _VBusTaskCount
00009867     261 (00009840)     _T0Ticker
00009868     261 (00009840)     _SpiManageTaskCount
00009869     261 (00009840)     _IOManageTaskCount
0000986a     261 (00009840)     _ReadI2CTaskCount
0000986b     261 (00009840)     _SystemManageTaskCount
0000986c     261 (00009840)     _CANTaskCount
0000986d     261 (00009840)     _SciManageTaskCount
0000986e     261 (00009840)     _FaultManageTaskCount
0000986f     261 (00009840)     _LedTaskCount
00009870     261 (00009840)     __unlock
00009872     261 (00009840)     _boardState
00009873     261 (00009840)     _errno
00009874     261 (00009840)     SINTAB_360

00009980     266 (00009980)     _cntl2p2z_RV5_coeff
00009990     266 (00009980)     _cntl2p2z_RV7_coeff
000099a0     266 (00009980)     _cntl2p2z_LeadLag_coeff
000099b0     266 (00009980)     _cntl2p2z_PRV_coeff

000099c0     267 (000099c0)     _cntl3p3z_InvI_coeff

00009a00     268 (00009a00)     _cntl2p2z_LeadLag_vars
00009a10     268 (00009a00)     _cntl2p2z_RV7_vars
00009a20     268 (00009a00)     _cntl2p2z_RV5_vars
00009a30     268 (00009a00)     _cntl2p2z_PRV_vars

00009a40     269 (00009a40)     _cntl3p3z_InvI_vars

00009a80     26a (00009a80)     _cntl2p2z_RV3_coeff
00009a90     26a (00009a80)     _cntl2p2z_RV9_coeff
00009aa0     26a (00009a80)     _cntl2p2z_RV11_coeff

00009ac0     26b (00009ac0)     _cntl2p2z_RV9_vars
00009ad0     26b (00009ac0)     _cntl2p2z_RV11_vars
00009ae0     26b (00009ac0)     _cntl2p2z_RV3_vars

00009b00     26c (00009b00)     _SFRA_IQ_preCount
00009b01     26c (00009b00)     _SFRA_IQ_state
00009b02     26c (00009b00)     _SFRA_IQ_windowSamples
00009b03     26c (00009b00)     _SFRA_IQ_count
00009b04     26c (00009b00)     _SFRA_IQ_StateSlew
00009b06     26c (00009b00)     _SFRA_IQ_amplitude
00009b08     26c (00009b00)     _SFRA_IQ_Q22_Q16Round
00009b0a     26c (00009b00)     _SFRA_IQ_pointer
00009b0c     26c (00009b00)     _SFRA_IQ_step
00009b0e     26c (00009b00)     _SFRA_IQ_uCosSum
00009b10     26c (00009b00)     _SFRA_IQ_ySinSum
00009b12     26c (00009b00)     _SFRA_IQ_rCosSum
00009b14     26c (00009b00)     _SFRA_IQ_uSinSum
00009b16     26c (00009b00)     _SFRA_IQ_rSinSum
00009b18     26c (00009b00)     _SFRA_IQ_reference
00009b1a     26c (00009b00)     _SFRA_IQ_tableptr
00009b1c     26c (00009b00)     _SFRA_IQ_tableptrStart
00009b1e     26c (00009b00)     _SFRA_IQ_yCosSum

003d7e80    f5fa (003d7e80)     _PartIdRegs

003f66ec    fd9b (003f66c0)     _PieVectTableInit

003f7ff8    fdff (003f7fc0)     _CsmPwl

003fe000    ff80 (003fe000)     _IQsinTable

003fe100    ff84 (003fe100)     _IQcosTable

003fe400    ff90 (003fe400)     _IQsinTableEnd

003fe502    ff94 (003fe500)     _IQcosTableEnd
003fe502    ff94 (003fe500)     _IQdivRoundSatTable
003fe510    ff94 (003fe500)     _IQdivTable

003fe712    ff9c (003fe700)     _IQdivTableEnd
003fe712    ff9c (003fe700)     _IQisqrtRoundSatTable
003fe712    ff9c (003fe700)     _IQsqrtRoundSatTable
003fe722    ff9c (003fe700)     _IQisqrtTable
003fe722    ff9c (003fe700)     _IQsqrtTable

003fe824    ffa0 (003fe800)     _IQatan2HalfPITable
003fe824    ffa0 (003fe800)     _IQisqrtTableEnd
003fe824    ffa0 (003fe800)     _IQsqrtTableEnd

003fe862    ffa1 (003fe840)     _IQatan2Table

003fe9e8    ffa7 (003fe9c0)     _IQ30mpyRndSatTable
003fe9e8    ffa7 (003fe9c0)     _IQatan2TableEnd
003fe9e8    ffa7 (003fe9c0)     _IQmpyRndSatTable
003fe9f4    ffa7 (003fe9c0)     _IQ29mpyRndSatTable

003fea00    ffa8 (003fea00)     _IQ28mpyRndSatTable
003fea0c    ffa8 (003fea00)     _IQ27mpyRndSatTable
003fea18    ffa8 (003fea00)     _IQ26mpyRndSatTable
003fea24    ffa8 (003fea00)     _IQ25mpyRndSatTable
003fea30    ffa8 (003fea00)     _IQ24mpyRndSatTable
003fea3c    ffa8 (003fea00)     _IQ23mpyRndSatTable

003fea48    ffa9 (003fea40)     _IQ22mpyRndSatTable
003fea54    ffa9 (003fea40)     _IQ21mpyRndSatTable
003fea60    ffa9 (003fea40)     _IQ20mpyRndSatTable
003fea6c    ffa9 (003fea40)     _IQ19mpyRndSatTable
003fea78    ffa9 (003fea40)     _IQ18mpyRndSatTable

003fea84    ffaa (003fea80)     _IQ17mpyRndSatTable
003fea90    ffaa (003fea80)     _IQ16mpyRndSatTable
003fea9c    ffaa (003fea80)     _IQ15mpyRndSatTable
003feaa8    ffaa (003fea80)     _IQ14mpyRndSatTable
003feab4    ffaa (003fea80)     _IQ13mpyRndSatTable

003feac0    ffab (003feac0)     _IQ12mpyRndSatTable
003feacc    ffab (003feac0)     _IQ11mpyRndSatTable
003fead8    ffab (003feac0)     _IQ10mpyRndSatTable
003feae4    ffab (003feac0)     _IQ9mpyRndSatTable
003feaf0    ffab (003feac0)     _IQ8mpyRndSatTable
003feafc    ffab (003feac0)     _IQ7mpyRndSatTable

003feb08    ffac (003feb00)     _IQ6mpyRndSatTable
003feb14    ffac (003feb00)     _IQ5mpyRndSatTable
003feb20    ffac (003feb00)     _IQ4mpyRndSatTable
003feb2c    ffac (003feb00)     _IQ3mpyRndSatTable
003feb38    ffac (003feb00)     _IQ2mpyRndSatTable

003feb44    ffad (003feb40)     _IQ1mpyRndSatTable
003feb50    ffad (003feb40)     _IQmpyRndSatTableEnd


GLOBAL SYMBOLS: SORTED ALPHABETICALLY BY Name 

page  address   name                            
----  -------   ----                            
0     003e8000  .text                           
0     003eaaea  C$$EXIT                         
0     003ea154  FD$$ADD                         
0     003eaa96  FD$$CMP                         
0     003ea3ac  FD$$DIV                         
0     003ea437  FD$$MPY                         
0     003eae32  FD$$NEG                         
0     003eae05  FD$$SUB                         
0     003eac5c  FD$$TOFS                        
0     003eac7d  FD$$TOL                         
0     003ea5c3  FS$$ADD                         
0     003eada4  FS$$CMP                         
0     003ea4ba  FS$$DIV                         
0     003ea82f  FS$$MPY                         
0     003eae4a  FS$$NEG                         
0     003ea5be  FS$$SUB                         
0     003eacd6  FS$$TOFD                        
0     003eab64  FS$$TOI                         
0     003eab13  FS$$TOL                         
0     003eac3a  I$$DIV                          
0     003eac4b  I$$MOD                          
0     003eaac0  L$$DIV                          
0     003eaacf  L$$MOD                          
0     003eacf2  L$$TOFD                         
0     003ead29  L$$TOFS                         
0     003ead75  LL$$AND                         
0     003ead7d  LL$$OR                          
0     003ead85  LL$$XOR                         
1     00009874  SINTAB_360                      
0     003eadbb  U$$TOFD                         
0     003eaadd  UL$$DIV                         
0     003eaae4  UL$$MOD                         
0     003e9796  _ACinRelayControl               
1     000096ea  _ADCBuf                         
1     000096d8  _ADCIAC_Raw                     
0     003e9758  _ADCINT1_ISR                    
0     003e9753  _ADCINT2_ISR                    
0     003e974e  _ADCINT3_ISR                    
0     003e9749  _ADCINT4_ISR                    
0     003e9744  _ADCINT5_ISR                    
0     003e973f  _ADCINT6_ISR                    
0     003e973a  _ADCINT7_ISR                    
0     003e9735  _ADCINT8_ISR                    
0     003e9730  _ADCINT9_ISR                    
1     000096d7  _ADCVAC_Raw                     
1     000096da  _ADCVHVDC_Raw                   
1     00007100  _AdcRegs                        
1     00000b00  _AdcResult                      
0     003e8cde  _ArrayGet                       
1     00009001  _BackTicker                     
0     003ea2c6  _BoardStateDriveEnable          
0     003ea2dc  _BoardStateDriveReady           
0     003ea2df  _BoardStateInitialize           
0     003ea292  _BoardStateONOFFAction          
0     003ea288  _BoardStateSleepMode            
0     003ea28f  _BoardStateTripCondition        
0     003e8e90  _ButtonSet                      
1     0000986c  _CANTaskCount                   
0     003e972b  _CLA1_INT1_ISR                  
0     003e9726  _CLA1_INT2_ISR                  
0     003e9721  _CLA1_INT3_ISR                  
0     003e971c  _CLA1_INT4_ISR                  
0     003e9717  _CLA1_INT5_ISR                  
0     003e9712  _CLA1_INT6_ISR                  
0     003e970d  _CLA1_INT7_ISR                  
0     003e9708  _CLA1_INT8_ISR                  
0     003eaa6a  _CNTL_2P2Z_IQ_ASM               
0     003ea695  _CNTL_2P2Z_IQ_COEFFS_init       
0     003ea644  _CNTL_2P2Z_IQ_FUNC              
0     003ea636  _CNTL_2P2Z_IQ_VARS_init         
0     003eaa08  _CNTL_3P3Z_IQ_ASM               
0     003ea26f  _CNTL_3P3Z_IQ_COEFFS_init       
0     003ea202  _CNTL_3P3Z_IQ_FUNC              
0     003ea1f0  _CNTL_3P3Z_IQ_VARS_init         
0     00008588  _CPUTimer0ISR                   
0     003e93df  _CalACNoFilterValue             
0     0000843a  _CalACValue                     
0     003e9382  _CalBATValue                    
0     000083c1  _CalHVDCValue                   
0     003e931e  _CalHeatSinkTempValue           
0     003ea82a  _CancleReadI2CTask              
1     00001400  _Cla1Regs                       
1     00009705  _ClearInvTrip                   
1     00009800  _CmdDispatcher                  
0     003e8efc  _CmdInterpreter                 
1     000097dc  _CmdPacket                      
1     00009849  _Cnt10Hz                        
1     00009844  _CntBatShutOverCurrent          
1     0000984d  _CntBatShutOverVoltage          
1     0000984f  _CntBatUndervoltage             
1     00009843  _CntFanFault                    
1     0000984a  _CntShutHeatSinkTemp            
1     0000984e  _CntShutPhaseCurrentOffset      
1     0000984c  _CntShutPhaseCurrentOverrun     
1     00009841  _CntVHVDCShutOverCurrent        
1     00009842  _CntVHVDCShutOverVoltage        
1     00009840  _CntVHVDCUndervoltage           
1     00009847  _CntVoltage10Hz                 
1     0000984b  _CntWarnHeatSinkTemp            
1     00009004  _CommsOKflg                     
1     00006400  _Comp1Regs                      
1     00006420  _Comp2Regs                      
1     00006440  _Comp3Regs                      
0     003ea750  _ConfigCpuTimer                 
1     000097b4  _CpuTimer0                      
1     00000c00  _CpuTimer0Regs                  
1     000097a4  _CpuTimer1                      
1     00000c08  _CpuTimer1Regs                  
1     000097ac  _CpuTimer2                      
1     00000c10  _CpuTimer2Regs                  
1     003f7ff8  _CsmPwl                         
1     00000ae0  _CsmRegs                        
0     003e9b22  _CsmUnlock                      
1     00009822  _CurrentMsgPtr                  
1     000096cc  _CurrentOldValue                
1     000096cd  _CurrentOldValueNoOffset        
0     003e9703  _DATALOG_ISR                    
0     003eae43  _DSP28x_DisableInt              
0     003eae47  _DSP28x_RestoreInt              
0     000086e8  _DSP28x_usDelay                 
0     003e9e7f  _DataCalcForSpi                 
0     003e8e6c  _DataGet                        
0     003e8e4a  _DataSet32                      
1     00000880  _DevEmuRegs                     
0     003e9a54  _DisableDog                     
0     003e96fe  _ECAN0INTA_ISR                  
0     003e96f9  _ECAN1INTA_ISR                  
0     003e96f4  _ECAP1_INT_ISR                  
1     00006040  _ECanaLAMRegs                   
1     000060c0  _ECanaMOTORegs                  
1     00006080  _ECanaMOTSRegs                  
1     00006100  _ECanaMboxes                    
1     00006000  _ECanaRegs                      
1     00006a00  _ECap1Regs                      
0     003e96ef  _EMPTY_ISR                      
0     003e96ea  _EMUINT_ISR                     
0     003e96e5  _EPWM1_INT_ISR                  
0     003e96e0  _EPWM1_TZINT_ISR                
0     003e96db  _EPWM2_INT_ISR                  
0     003e96d6  _EPWM2_TZINT_ISR                
0     003e96d1  _EPWM3_INT_ISR                  
0     003e96cc  _EPWM3_TZINT_ISR                
0     003e96c7  _EPWM4_INT_ISR                  
0     003e96c2  _EPWM4_TZINT_ISR                
0     003e96bd  _EPWM5_INT_ISR                  
0     003e96b8  _EPWM5_TZINT_ISR                
0     003e96b3  _EPWM6_INT_ISR                  
0     003e96ae  _EPWM6_TZINT_ISR                
0     003e96a9  _EPWM7_INT_ISR                  
0     003e96a4  _EPWM7_TZINT_ISR                
1     00006800  _EPwm1Regs                      
1     00006840  _EPwm2Regs                      
1     00006880  _EPwm3Regs                      
1     000068c0  _EPwm4Regs                      
1     00006900  _EPwm5Regs                      
1     00006940  _EPwm6Regs                      
1     00006980  _EPwm7Regs                      
0     003e969f  _EQEP1_INT_ISR                  
1     00006b00  _EQep1Regs                      
0     003e8e36  _EchoCmdByte                    
0     003e8dba  _EchoDataByte                   
0     003e8e03  _EchoSizeByte                   
1     00000d01  _EmuBMode                       
1     00000d00  _EmuKey                         
1     00009008  _EnableFlag                     
0     003eab5b  _EnableInterrupts               
0     003e9b0a  _ExtOscSel                      
0     003e922a  _F2803XADCInit                  
0     00008378  _F2803XADCRead                  
0     003e97d8  _F2803XDRIVEInit                
0     003e97af  _F2803XDRIVEUpdate              
0     003e9a09  _F280X3_PWM_Close               
0     003e99f3  _F280X3_PWM_Open                
1     00009821  _FailCount                      
0     003e8a4a  _Fan_CTRL_Update                
0     003e9d92  _FatalUnionRead                 
0     003e9d8d  _FaultFlagClear                 
0     003e9cc9  _FaultManage                    
1     0000986e  _FaultManageTaskCount           
1     00000a80  _FlashRegs                      
1     00000d04  _Flash_CPUScaleFactor           
1     00000d02  _Flash_CallbackPtr              
1     00009400  _FreqVect                       
0     003ea826  _GetCANTaskCount                
0     003e8ec9  _GetCmdByte                     
0     003e8dca  _GetDataByte                    
0     003ea822  _GetFaultManageTaskCount        
0     003ea81e  _GetHeatSinkTempTaskCount       
0     003ea81a  _GetIOManageTaskCount           
0     003ea816  _GetReadI2CTaskCount            
0     003ea812  _GetSciManageTaskCount          
0     003e8e17  _GetSizeByte                    
0     003ea80e  _GetSpiManageTaskCount          
0     003ea80a  _GetSystemManageTaskCount       
0     003ea806  _GetVBusTaskCount               
1     00006f80  _GpioCtrlRegs                   
1     00006fc0  _GpioDataRegs                   
1     00006fe0  _GpioIntRegs                    
0     003e969a  _HRCAP1_INT_ISR                 
0     003e9695  _HRCAP2_INT_ISR                 
1     00006ac0  _HRCap1Regs                     
1     00006ae0  _HRCap2Regs                     
1     00009865  _HeatSinkTempTaskCount          
0     003ea0a0  _I2CAInit                       
0     003ea058  _I2CAReadData                   
0     003ea013  _I2CAWriteData                  
0     003e9690  _I2CINT1A_ISR                   
0     003e968b  _I2CINT2A_ISR                   
0     003ea6aa  _I2CInt1AISR                    
0     003ea07e  _I2CReaddatafromEEPROMsection   
0     003ea03f  _I2CWritedatatoEEPROMsection    
1     00009824  _I2cMsgIn1                      
1     0000982d  _I2cMsgOut1                     
1     00007900  _I2caRegs                       
1     000096d1  _IBATCoeffA                     
1     000096d0  _IBATCoeffB                     
1     000096dc  _IBATNormalFiltered             
1     000096d5  _IHVDCCoeffA                    
1     000096d4  _IHVDCCoeffB                    
1     000096de  _IHVDCNormalFiltered            
0     003e9686  _ILLEGAL_ISR                    
0     003e9681  _INT13_ISR                      
0     003e967c  _INT14_ISR                      
1     00009869  _IOManageTaskCount              
0     003fead8  _IQ10mpyRndSatTable             
0     003feacc  _IQ11mpyRndSatTable             
0     003feac0  _IQ12mpyRndSatTable             
0     003feab4  _IQ13mpyRndSatTable             
0     003feaa8  _IQ14mpyRndSatTable             
0     003fea9c  _IQ15mpyRndSatTable             
0     003fea90  _IQ16mpyRndSatTable             
0     003fea84  _IQ17mpyRndSatTable             
0     003fea78  _IQ18mpyRndSatTable             
0     003fea6c  _IQ19mpyRndSatTable             
0     003feb44  _IQ1mpyRndSatTable              
0     003fea60  _IQ20mpyRndSatTable             
0     003fea54  _IQ21mpyRndSatTable             
0     003fea48  _IQ22mpyRndSatTable             
0     003fea3c  _IQ23mpyRndSatTable             
0     003fea30  _IQ24mpyRndSatTable             
0     003fea24  _IQ25mpyRndSatTable             
0     003fea18  _IQ26mpyRndSatTable             
0     003fea0c  _IQ27mpyRndSatTable             
0     003fea00  _IQ28mpyRndSatTable             
0     003fe9f4  _IQ29mpyRndSatTable             
0     003feb38  _IQ2mpyRndSatTable              
0     003fe9e8  _IQ30mpyRndSatTable             
0     003feb2c  _IQ3mpyRndSatTable              
0     003feb20  _IQ4mpyRndSatTable              
0     003feb14  _IQ5mpyRndSatTable              
0     003feb08  _IQ6mpyRndSatTable              
0     003feafc  _IQ7mpyRndSatTable              
0     003feaf0  _IQ8mpyRndSatTable              
0     003feae4  _IQ9mpyRndSatTable              
0     003fe824  _IQatan2HalfPITable             
0     003fe862  _IQatan2Table                   
0     003fe9e8  _IQatan2TableEnd                
0     003fe100  _IQcosTable                     
0     003fe502  _IQcosTableEnd                  
0     003fe502  _IQdivRoundSatTable             
0     003fe510  _IQdivTable                     
0     003fe712  _IQdivTableEnd                  
0     003fe712  _IQisqrtRoundSatTable           
0     003fe722  _IQisqrtTable                   
0     003fe824  _IQisqrtTableEnd                
0     003f6378  _IQmathLoadEnd                  
0     003f6000  _IQmathLoadStart                
0     00008000  _IQmathRunStart                 
0     003fe9e8  _IQmpyRndSatTable               
0     003feb50  _IQmpyRndSatTableEnd            
0     003fe000  _IQsinTable                     
0     003fe400  _IQsinTableEnd                  
0     003fe712  _IQsqrtRoundSatTable            
0     003fe722  _IQsqrtTable                    
0     003fe824  _IQsqrtTableEnd                 
0     003ea713  _InitCpuTimers                  
0     003eae04  _InitECap                       
0     003eadf5  _InitECap1Gpio                  
0     003eadf5  _InitECapGpio                   
0     003e975d  _InitECapture                   
0     000086cb  _InitFlash                      
0     003e9aae  _InitPeripheralClocks           
0     003eab3c  _InitPieCtrl                    
0     003eadd2  _InitPieVectTable               
0     003e9a5c  _InitPll                        
0     003e9af2  _InitSysCtrl                    
0     003e9a44  _IntOsc1Sel                     
0     003e9a30  _IntOsc2Sel                     
0     000085af  _InverterISR                    
1     00009003  _IsrTicker                      
0     003e9c84  _LEDManage                      
0     003e9677  _LIN0INTA_ISR                   
0     003e9672  _LIN1INTA_ISR                   
0     003e966d  _LUF_ISR                        
0     003e9668  _LVF_ISR                        
1     0000986f  _LedTaskCount                   
0     003e8ea1  _LifePulseTsk                   
1     00006c00  _LinaRegs                       
1     000097ca  _LowByteFlag                    
0     003eae20  _MemCopy                        
1     000097d2  _MemGetAddress                  
1     000097c7  _MemGetAmount                   
1     000097c4  _MemGetPtr                      
1     000097c6  _MemSetPtr                      
1     000097d0  _MemSetValue                    
0     003e9663  _NMI_ISR                        
1     00007060  _NmiIntruptRegs                 
1     000097c2  _NumWords                       
1     00009600  _OL_MagVect                     
1     00009300  _OL_PhaseVect                   
1     000097bd  _P0                             
1     000097bc  _P1                             
0     003e965e  _PIE_RESERVED                   
0     003e8924  _PRControlInitialize            
0     003ea0d1  _PROFILE_calc                   
0     003ea0b3  _PROFILE_init                   
0     003e9987  _PWM_1ch_Fan_CNF                
0     003e9952  _PWM_1ch_Fan_Update             
0     00008472  _PWM_Inv_SPWM_unipolar_CNF      
0     003e98c0  _PWM_Inv_SPWM_unipolar_Update   
0     003e8de9  _PackWord                       
1     003d7e80  _PartIdRegs                     
1     00009820  _PassCount                      
1     00000ce0  _PieCtrlRegs                    
1     00000d00  _PieVectTable                   
0     003f66ec  _PieVectTableInit               
1     00009200  _Plant_MagVect                  
1     00009500  _Plant_PhaseVect                
0     003ead93  _RAMPGEN_IQ_FUNC                
0     003ead8d  _RAMPGEN_IQ_init                
0     003eae13  _RMPGEN_calc                    
0     003e9659  _RTOSINT_ISR                    
0     003f66ec  _RamfuncsLoadEnd                
0     003f6378  _RamfuncsLoadStart              
0     00008378  _RamfuncsRunStart               
1     000097d8  _RcvTaskPointer                 
1     000097c1  _RcvTskPtrShdw                  
1     0000986a  _ReadI2CTaskCount               
0     003ea801  _ResetCANTaskCount              
0     003ea7fc  _ResetFaultManageTaskCount      
0     003ea7f7  _ResetHeatSinkTempTaskCount     
0     003ea7f2  _ResetIOManageTaskCount         
0     003ea7ed  _ResetReadI2CTaskCount          
0     003ea7e8  _ResetSciManageTaskCount        
0     003ea7e3  _ResetSpiManageTaskCount        
0     003ea7de  _ResetSystemManageTaskCount     
0     003ea7d9  _ResetVBusTaskCount             
0     003ea7d4  _RunReadI2CTaskImmediately      
1     000097cb  _RxChar                         
1     000097c9  _RxWord                         
0     003e8f27  _SCIA_Init                      
0     003e9654  _SCIRXINTA_ISR                  
0     003e964f  _SCITXINTA_ISR                  
0     003e93f8  _SFRA_IQ_BACKGROUND             
1     000097be  _SFRA_IQ_BromSineTableStart     
0     003ea31e  _SFRA_IQ_INIT                   
1     00009b08  _SFRA_IQ_Q22_Q16Round           
1     00009b04  _SFRA_IQ_StateSlew              
1     00009b06  _SFRA_IQ_amplitude              
1     00009b03  _SFRA_IQ_count                  
1     00009b0a  _SFRA_IQ_pointer                
1     00009b00  _SFRA_IQ_preCount               
1     00009b12  _SFRA_IQ_rCosSum                
1     00009b16  _SFRA_IQ_rSinSum                
1     00009b18  _SFRA_IQ_reference              
1     00009b01  _SFRA_IQ_state                  
1     00009b0c  _SFRA_IQ_step                   
1     00009b1a  _SFRA_IQ_tableptr               
1     00009b1c  _SFRA_IQ_tableptrStart          
1     00009b0e  _SFRA_IQ_uCosSum                
1     00009b14  _SFRA_IQ_uSinSum                
1     00009b02  _SFRA_IQ_windowSamples          
1     00009b1e  _SFRA_IQ_yCosSum                
1     00009b10  _SFRA_IQ_ySinSum                
0     003eabf4  _SGENHP_1_calc                  
0     003ea960  _SGENHP_2_calc                  
0     003ead0e  _SGENTI_1_calc                  
0     003eaa3c  _SGENTI_2_calc                  
0     003ea53d  _SGENTI_3D_calc                 
0     003ea8dd  _SGENTI_3_calc                  
0     003eade4  _SGENT_1_calc                   
0     003ead5c  _SGENT_2_calc                   
0     003ea920  _SGENT_3D_calc                  
0     003eac17  _SGENT_3_calc                   
0     003e9b87  _SINEANALYZER_DIFF_wPWR_IQ_FUNC 
0     003e9b51  _SINEANALYZER_DIFF_wPWR_IQ_init 
0     003e964a  _SPIRXINTA_ISR                  
0     003e9645  _SPIRXINTB_ISR                  
0     003e9640  _SPITXINTA_ISR                  
0     003e963b  _SPITXINTB_ISR                  
1     0000986d  _SciManageTaskCount             
1     00007050  _SciaRegs                       
0     003e8cde  _SendData                       
1     000097cc  _SendTaskPtr                    
1     00009002  _SerialCommsTimer               
0     003e8f22  _SerialHostComms                
0     003e9a26  _ServiceDog                     
0     003eae4f  _SetDBGIER                      
0     003e91e7  _SetOffset                      
0     003e91dd  _SetVACOffset                   
0     003e8da9  _SliderSet                      
0     003eab9e  _SoftstartGenDOWNUpdate         
0     003eab98  _SoftstartGenInit               
0     003eab89  _SoftstartGenUPUpdate           
0     003e8da4  _SpareTsk08                     
1     00009836  _SpiA_Rx_data                   
1     0000983a  _SpiA_Tx_data                   
0     003e9f31  _SpiInit                        
0     003e9ed8  _SpiManage                      
1     00009868  _SpiManageTaskCount             
1     00007040  _SpiaRegs                       
1     00007740  _SpibRegs                       
1     00009864  _StateTaskCount                 
1     00007010  _SysCtrlRegs                    
1     00000985  _SysPwrCtrlRegs                 
1     00009852  _SystemFalutFlag                
0     003ea2e8  _SystemManage                   
1     0000986b  _SystemManageTaskCount          
1     00009867  _T0Ticker                       
1     000096d3  _TEMPCoeffA                     
1     000096d2  _TEMPCoeffB                     
1     000096e0  _TEMPNormalFiltered             
0     003e9636  _TINT0_ISR                      
1     00009000  _TZ1Count                       
0     003eac9c  _TZ1ISR                         
0     003ea77f  _TZDLGEN_calc                   
0     003ea776  _TZDLGEN_init                   
1     000097c8  _TaskDoneFlag                   
1     000097ce  _Temp                           
1     0000902c  _Test                           
0     003e8d93  _TextSet                        
1     0000900a  _Ts                             
0     003e9631  _USER10_ISR                     
0     003e962c  _USER11_ISR                     
0     003e9627  _USER12_ISR                     
0     003e9622  _USER1_ISR                      
0     003e961d  _USER2_ISR                      
0     003e9618  _USER3_ISR                      
0     003e9613  _USER4_ISR                      
0     003e960e  _USER5_ISR                      
0     003e9609  _USER6_ISR                      
0     003e9604  _USER7_ISR                      
0     003e95ff  _USER8_ISR                      
0     003e95fa  _USER9_ISR                      
1     000096d9  _VBATCoeffA                     
1     000096d6  _VBATCoeffB                     
1     000096e2  _VBATNormalFiltered             
1     00009866  _VBusTaskCount                  
1     000096cb  _VHVDCCoeffA                    
1     000096ca  _VHVDCCoeffB                    
1     000096e4  _VHVDCNormalFiltered            
0     003e8cde  _VariableGet                    
1     000096cf  _VoltageACOldValue              
1     000096ce  _VoltageACOldValueNoOffset      
1     000096c9  _VoltageHVDCOldValue            
1     000096c8  _VoltageHVDCOldValueNoOffset    
0     003e95f5  _WAKEINT_ISR                    
0     003e95f0  _XINT1_ISR                      
0     003e95eb  _XINT2_ISR                      
0     003e95e6  _XINT3_ISR                      
1     00007070  _XIntruptRegs                   
0     003e9a12  _XtalOscSel                     
0     00008178  __IQ15div                       
0     0000824d  __IQ15isqrt                     
0     0000836a  __IQ15rmpy                      
0     00008340  __IQ15rsmpy                     
0     00008293  __IQ15sqrt                      
0     0000809d  __IQ16atan2                     
0     000081bf  __IQ16div                       
0     00008000  __IQ16log                       
0     00008118  __IQ16mag                       
0     00008356  __IQ16toF                       
0     00008206  __IQ24div                       
0     00008317  __IQ24sinPU                     
0     000082d5  __IQ24sqrt                      
1     00000350  __STACK_END                     
abs   00000300  __STACK_SIZE                    
1     000096fc  ___TI_cleanup_ptr               
1     000096fe  ___TI_dtors_ptr                 
1     000096fa  ___TI_enable_exit_profile_output
abs   ffffffff  ___TI_pprof_out_hndl            
abs   ffffffff  ___TI_prof_data_size            
abs   ffffffff  ___TI_prof_data_start           
abs   ffffffff  ___binit__                      
abs   ffffffff  ___c_args__                     
0     003f6944  ___cinit__                      
0     003eae55  ___etext__                      
0     003e8000  ___kernel_rem_pio2              
abs   ffffffff  ___pinit__                      
0     003e8000  ___text__                       
0     003ead43  __args_main                     
1     0000983e  __lock                          
0     003eae31  __nop                           
0     003eae2d  __register_lock                 
0     003eae29  __register_unlock               
1     00000050  __stack                         
0     003eae54  __system_post_cinit             
0     003eae52  __system_pre_init               
1     00009870  __unlock                        
0     003eaaea  _abort                          
1     000091c0  _adc1                           
1     000090e0  _arrayGetList                   
1     00009872  _boardState                     
0     003ea889  _c_int00                        
1     00009700  _clearInvTrip                   
1     00009702  _closeILoopInv                  
1     00009703  _closeVLoopInv                  
1     000099a0  _cntl2p2z_LeadLag_coeff         
1     00009a00  _cntl2p2z_LeadLag_vars          
1     000099b0  _cntl2p2z_PRV_coeff             
1     00009a30  _cntl2p2z_PRV_vars              
1     00009aa0  _cntl2p2z_RV11_coeff            
1     00009ad0  _cntl2p2z_RV11_vars             
1     00009a80  _cntl2p2z_RV3_coeff             
1     00009ae0  _cntl2p2z_RV3_vars              
1     00009980  _cntl2p2z_RV5_coeff             
1     00009a20  _cntl2p2z_RV5_vars              
1     00009990  _cntl2p2z_RV7_coeff             
1     00009a10  _cntl2p2z_RV7_vars              
[...]
0     003eaacf  L$$MOD                          
0     003eaadd  UL$$DIV                         
0     003eaae4  UL$$MOD                         
0     003eaaea  C$$EXIT                         
0     003eaaea  _abort                          
0     003eaaec  _exit                           
0     003eab13  FS$$TOL                         
0     003eab3c  _InitPieCtrl                    
0     003eab5b  _EnableInterrupts               
0     003eab64  FS$$TOI                         
0     003eab89  _SoftstartGenUPUpdate           
0     003eab98  _SoftstartGenInit               
0     003eab9e  _SoftstartGenDOWNUpdate         
0     003eabad  _copy_in                        
0     003eabd1  _copysignl                      
0     003eabf4  _SGENHP_1_calc                  
0     003eac17  _SGENT_3_calc                   
0     003eac3a  I$$DIV                          
0     003eac4b  I$$MOD                          
0     003eac5c  FD$$TOFS                        
0     003eac7d  FD$$TOL                         
0     003eac9c  _TZ1ISR                         
0     003eacb9  _memcpy                         
0     003eacd6  FS$$TOFD                        
0     003eacf2  L$$TOFD                         
0     003ead0e  _SGENTI_1_calc                  
0     003ead29  L$$TOFS                         
0     003ead43  __args_main                     
0     003ead5c  _SGENT_2_calc                   
0     003ead75  LL$$AND                         
0     003ead7d  LL$$OR                          
0     003ead85  LL$$XOR                         
0     003ead8d  _RAMPGEN_IQ_init                
0     003ead93  _RAMPGEN_IQ_FUNC                
0     003eada4  FS$$CMP                         
0     003eadbb  U$$TOFD                         
0     003eadd2  _InitPieVectTable               
0     003eade4  _SGENT_1_calc                   
0     003eadf5  _InitECap1Gpio                  
0     003eadf5  _InitECapGpio                   
0     003eae04  _InitECap                       
0     003eae05  FD$$SUB                         
0     003eae13  _RMPGEN_calc                    
0     003eae20  _MemCopy                        
0     003eae29  __register_unlock               
0     003eae2d  __register_lock                 
0     003eae31  __nop                           
0     003eae32  FD$$NEG                         
0     003eae43  _DSP28x_DisableInt              
0     003eae47  _DSP28x_RestoreInt              
0     003eae4a  FS$$NEG                         
0     003eae4f  _SetDBGIER                      
0     003eae52  __system_pre_init               
0     003eae54  __system_post_cinit             
0     003eae55  ___etext__                      
0     003eae55  etext                           
0     003f6000  _IQmathLoadStart                
0     003f6378  _IQmathLoadEnd                  
0     003f6378  _RamfuncsLoadStart              
0     003f66ec  _PieVectTableInit               
0     003f66ec  _RamfuncsLoadEnd                
0     003f6944  ___cinit__                      
0     003f6944  cinit                           
0     003f7ff6  code_start                      
0     003fe000  _IQsinTable                     
0     003fe100  _IQcosTable                     
0     003fe400  _IQsinTableEnd                  
0     003fe502  _IQcosTableEnd                  
0     003fe502  _IQdivRoundSatTable             
0     003fe510  _IQdivTable                     
0     003fe712  _IQdivTableEnd                  
0     003fe712  _IQisqrtRoundSatTable           
0     003fe712  _IQsqrtRoundSatTable            
0     003fe722  _IQisqrtTable                   
0     003fe722  _IQsqrtTable                    
0     003fe824  _IQatan2HalfPITable             
0     003fe824  _IQisqrtTableEnd                
0     003fe824  _IQsqrtTableEnd                 
0     003fe862  _IQatan2Table                   
0     003fe9e8  _IQ30mpyRndSatTable             
0     003fe9e8  _IQatan2TableEnd                
0     003fe9e8  _IQmpyRndSatTable               
0     003fe9f4  _IQ29mpyRndSatTable             
0     003fea00  _IQ28mpyRndSatTable             
0     003fea0c  _IQ27mpyRndSatTable             
0     003fea18  _IQ26mpyRndSatTable             
0     003fea24  _IQ25mpyRndSatTable             
0     003fea30  _IQ24mpyRndSatTable             
0     003fea3c  _IQ23mpyRndSatTable             
0     003fea48  _IQ22mpyRndSatTable             
0     003fea54  _IQ21mpyRndSatTable             
0     003fea60  _IQ20mpyRndSatTable             
0     003fea6c  _IQ19mpyRndSatTable             
0     003fea78  _IQ18mpyRndSatTable             
0     003fea84  _IQ17mpyRndSatTable             
0     003fea90  _IQ16mpyRndSatTable             
0     003fea9c  _IQ15mpyRndSatTable             
0     003feaa8  _IQ14mpyRndSatTable             
0     003feab4  _IQ13mpyRndSatTable             
0     003feac0  _IQ12mpyRndSatTable             
0     003feacc  _IQ11mpyRndSatTable             
0     003fead8  _IQ10mpyRndSatTable             
0     003feae4  _IQ9mpyRndSatTable              
0     003feaf0  _IQ8mpyRndSatTable              
0     003feafc  _IQ7mpyRndSatTable              
0     003feb08  _IQ6mpyRndSatTable              
0     003feb14  _IQ5mpyRndSatTable              
0     003feb20  _IQ4mpyRndSatTable              
0     003feb2c  _IQ3mpyRndSatTable              
0     003feb38  _IQ2mpyRndSatTable              
0     003feb44  _IQ1mpyRndSatTable              
0     003feb50  _IQmpyRndSatTableEnd            
1     00000050  __stack                         
1     00000350  __STACK_END                     
1     00000880  _DevEmuRegs                     
1     00000985  _SysPwrCtrlRegs                 
1     00000a80  _FlashRegs                      
1     00000ae0  _CsmRegs                        
1     00000b00  _AdcResult                      
1     00000c00  _CpuTimer0Regs                  
1     00000c08  _CpuTimer1Regs                  
1     00000c10  _CpuTimer2Regs                  
1     00000ce0  _PieCtrlRegs                    
1     00000d00  _EmuKey                         
1     00000d00  _PieVectTable                   
1     00000d01  _EmuBMode                       
1     00000d02  _Flash_CallbackPtr              
1     00000d04  _Flash_CPUScaleFactor           
1     00001400  _Cla1Regs                       
1     00006000  _ECanaRegs                      
1     00006040  _ECanaLAMRegs                   
1     00006080  _ECanaMOTSRegs                  
1     000060c0  _ECanaMOTORegs                  
1     00006100  _ECanaMboxes                    
1     00006400  _Comp1Regs                      
1     00006420  _Comp2Regs                      
1     00006440  _Comp3Regs                      
1     00006800  _EPwm1Regs                      
1     00006840  _EPwm2Regs                      
1     00006880  _EPwm3Regs                      
1     000068c0  _EPwm4Regs                      
1     00006900  _EPwm5Regs                      
1     00006940  _EPwm6Regs                      
1     00006980  _EPwm7Regs                      
1     00006a00  _ECap1Regs                      
1     00006ac0  _HRCap1Regs                     
1     00006ae0  _HRCap2Regs                     
1     00006b00  _EQep1Regs                      
1     00006c00  _LinaRegs                       
1     00006f80  _GpioCtrlRegs                   
1     00006fc0  _GpioDataRegs                   
1     00006fe0  _GpioIntRegs                    
1     00007010  _SysCtrlRegs                    
1     00007040  _SpiaRegs                       
1     00007050  _SciaRegs                       
1     00007060  _NmiIntruptRegs                 
1     00007070  _XIntruptRegs                   
1     00007100  _AdcRegs                        
1     00007740  _SpibRegs                       
1     00007900  _I2caRegs                       
1     00009000  _TZ1Count                       
1     00009001  _BackTicker                     
1     00009002  _SerialCommsTimer               
1     00009003  _IsrTicker                      
1     00009004  _CommsOKflg                     
1     00009005  _gu16_TZFaultFlag               
1     00009006  _initializationFlag             
1     00009007  _wSumCnt                        
1     00009008  _EnableFlag                     
1     0000900a  _Ts                             
1     0000900c  _wrcV_1H                        
1     0000900e  _wrcV_3H                        
1     00009010  _woF_5H                         
1     00009012  _woF_7H                         
1     00009014  _gain                           
1     00009016  _z0                             
1     00009018  _wrcV_5H                        
1     0000901a  _wrcV_7H                        
1     0000901c  _kiV_1H                         
1     0000901e  _kiV_3H                         
1     00009020  _fs                             
1     00009022  _kpV_1H                         
1     00009024  _woF_1H                         
1     00009026  _woF_3H                         
1     00009028  _kiV_5H                         
1     0000902a  _kiV_7H                         
1     0000902c  _Test                           
1     0000902e  _drv1                           
1     00009034  _ssgen1                         
1     00009040  _rgen1                          
1     00009048  _sfra1                          
1     00009060  _varSetSldrList                 
1     00009080  _varGetList                     
1     000090a0  _varSetTxtList                  
1     000090c0  _varSetBtnList                  
1     000090e0  _arrayGetList                   
1     00009100  _dataSetList                    
1     00009140  _pid1                           
1     00009180  _sine_mains                     
1     000091c0  _adc1                           
1     00009200  _Plant_MagVect                  
1     00009300  _OL_PhaseVect                   
1     00009400  _FreqVect                       
1     00009500  _Plant_PhaseVect                
1     00009600  _OL_MagVect                     
1     000096c8  _VoltageHVDCOldValueNoOffset    
1     000096c9  _VoltageHVDCOldValue            
1     000096ca  _VHVDCCoeffB                    
1     000096cb  _VHVDCCoeffA                    
1     000096cc  _CurrentOldValue                
1     000096cd  _CurrentOldValueNoOffset        
1     000096ce  _VoltageACOldValueNoOffset      
1     000096cf  _VoltageACOldValue              
1     000096d0  _IBATCoeffB                     
1     000096d1  _IBATCoeffA                     
1     000096d2  _TEMPCoeffB                     
1     000096d3  _TEMPCoeffA                     
1     000096d4  _IHVDCCoeffB                    
1     000096d5  _IHVDCCoeffA                    
1     000096d6  _VBATCoeffB                     
1     000096d7  _ADCVAC_Raw                     
1     000096d8  _ADCIAC_Raw                     
1     000096d9  _VBATCoeffA                     
1     000096da  _ADCVHVDC_Raw                   
1     000096dc  _IBATNormalFiltered             
1     000096de  _IHVDCNormalFiltered            
1     000096e0  _TEMPNormalFiltered             
1     000096e2  _VBATNormalFiltered             
1     000096e4  _VHVDCNormalFiltered            
1     000096e6  _giq16_ADCOffset                
1     000096e8  _giq16_ADCGain                  
1     000096ea  _ADCBuf                         
1     000096fa  ___TI_enable_exit_profile_output
1     000096fc  ___TI_cleanup_ptr               
1     000096fe  ___TI_dtors_ptr                 
1     00009700  _clearInvTrip                   
1     00009701  _rlyConnect                     
1     00009702  _closeILoopInv                  
1     00009703  _closeVLoopInv                  
1     00009704  _offsetCalCounter               
1     00009705  _ClearInvTrip                   
1     00009706  _gi16_CarrierPeriod             
1     00009707  _zeroCrossDetectFlag            
1     00009708  _guiIi                          
1     0000970a  _guiIo                          
1     0000970c  _guiFreqAvg                     
1     0000970e  _guiPowerFactor                 
1     00009710  _guiVA                          
1     00009712  _guiPrms                        
1     00009714  _guiACFreq                      
1     00009716  _guiIrms                        
1     00009718  _guiVavg                        
1     0000971a  _guiVrms                        
1     0000971c  _guiVo                          
1     0000971e  _invDuty                        
1     00009720  _invDutyPUPrev                  
1     00009722  _invDutyCompl                   
1     00009724  _invSine                        
1     00009726  _halfPWMPeriod                  
1     00009728  _k1                             
1     0000972a  _guiVema                        
1     0000972c  _k2                             
1     0000972e  _invDutyPU                      
1     00009730  _offset165                      
1     00009732  _invIoInst                      
1     00009734  _invIoInstSD                    
1     00009736  _invIfInstSD                    
1     00009738  _invIfSDOffset                  
1     0000973a  _invVoSDOffset                  
1     0000973c  _invVbusInst                    
1     0000973e  _invIoSDOffset                  
1     00009740  _invIiInstSD                    
1     00009742  _invVoInst                      
1     00009744  _invIiInst                      
1     00009746  _invIiInstADC                   
1     00009748  _invIiOffset                    
1     0000974a  _invVoOffset                    
1     0000974c  _invVoInstADC                   
1     0000974e  _invVoInstSD                    
1     00009750  _invIiRefInst                   
1     00009752  _invIoRefInst                   
1     00009754  _invVoRef                       
1     00009756  _invVoRefCal                    
1     00009758  _guiVbus                        
1     0000975a  _invSinePrev                    
1     0000975c  _invVoRefInst                   
1     0000975e  _invVbusOffset                  
1     00009760  _invVbusSDOffset                
1     00009762  _invVbusInstADC                 
1     00009764  _invVbusInstSD                  
1     00009766  _invIoRef                       
1     00009768  _invVbusRef                     
1     0000976a  _invVbusAvg                     
1     0000976c  _invIiRef                       
1     00009780  _gu16_DspParameter              
1     000097a4  _CpuTimer1                      
1     000097ac  _CpuTimer2                      
1     000097b4  _CpuTimer0                      
1     000097bc  _P1                             
1     000097bd  _P0                             
1     000097be  _SFRA_IQ_BromSineTableStart     
1     000097c0  _dataOut16                      
1     000097c1  _RcvTskPtrShdw                  
1     000097c2  _NumWords                       
1     000097c3  _wordsLeftToGet                 
1     000097c4  _MemGetPtr                      
1     000097c5  _delayer                        
1     000097c6  _MemSetPtr                      
1     000097c7  _MemGetAmount                   
1     000097c8  _TaskDoneFlag                   
1     000097c9  _RxWord                         
1     000097ca  _LowByteFlag                    
1     000097cb  _RxChar                         
1     000097cc  _SendTaskPtr                    
1     000097ce  _Temp                           
1     000097d0  _MemSetValue                    
1     000097d2  _MemGetAddress                  
1     000097d4  _memDataPtr16                   
1     000097d6  _dataOut32                      
1     000097d8  _RcvTaskPointer                 
1     000097da  _memDataPtr32                   
1     000097dc  _CmdPacket                      
1     00009800  _CmdDispatcher                  
1     00009820  _PassCount                      
1     00009821  _FailCount                      
1     00009822  _CurrentMsgPtr                  
1     00009824  _I2cMsgIn1                      
1     0000982d  _I2cMsgOut1                     
1     00009836  _SpiA_Rx_data                   
1     0000983a  _SpiA_Tx_data                   
1     0000983e  __lock                          
1     00009840  _CntVHVDCUndervoltage           
1     00009841  _CntVHVDCShutOverCurrent        
1     00009842  _CntVHVDCShutOverVoltage        
1     00009843  _CntFanFault                    
1     00009844  _CntBatShutOverCurrent          
1     00009847  _CntVoltage10Hz                 
1     00009849  _Cnt10Hz                        
1     0000984a  _CntShutHeatSinkTemp            
1     0000984b  _CntWarnHeatSinkTemp            
1     0000984c  _CntShutPhaseCurrentOverrun     
1     0000984d  _CntBatShutOverVoltage          
1     0000984e  _CntShutPhaseCurrentOffset      
1     0000984f  _CntBatUndervoltage             
1     00009852  _SystemFalutFlag                
1     00009856  _ePWM                           
1     00009864  _StateTaskCount                 
1     00009865  _HeatSinkTempTaskCount          
1     00009866  _VBusTaskCount                  
1     00009867  _T0Ticker                       
1     00009868  _SpiManageTaskCount             
1     00009869  _IOManageTaskCount              
1     0000986a  _ReadI2CTaskCount               
1     0000986b  _SystemManageTaskCount          
1     0000986c  _CANTaskCount                   
1     0000986d  _SciManageTaskCount             
1     0000986e  _FaultManageTaskCount           
1     0000986f  _LedTaskCount                   
1     00009870  __unlock                        
1     00009872  _boardState                     
1     00009873  _errno                          
1     00009874  SINTAB_360                      
1     00009980  _cntl2p2z_RV5_coeff             
1     00009990  _cntl2p2z_RV7_coeff             
1     000099a0  _cntl2p2z_LeadLag_coeff         
1     000099b0  _cntl2p2z_PRV_coeff             
1     000099c0  _cntl3p3z_InvI_coeff            
1     00009a00  _cntl2p2z_LeadLag_vars          
1     00009a10  _cntl2p2z_RV7_vars              
1     00009a20  _cntl2p2z_RV5_vars              
1     00009a30  _cntl2p2z_PRV_vars              
1     00009a40  _cntl3p3z_InvI_vars             
1     00009a80  _cntl2p2z_RV3_coeff             
1     00009a90  _cntl2p2z_RV9_coeff             
1     00009aa0  _cntl2p2z_RV11_coeff            
1     00009ac0  _cntl2p2z_RV9_vars              
1     00009ad0  _cntl2p2z_RV11_vars             
1     00009ae0  _cntl2p2z_RV3_vars              
1     00009b00  _SFRA_IQ_preCount               
1     00009b01  _SFRA_IQ_state                  
1     00009b02  _SFRA_IQ_windowSamples          
1     00009b03  _SFRA_IQ_count                  
1     00009b04  _SFRA_IQ_StateSlew              
1     00009b06  _SFRA_IQ_amplitude              
1     00009b08  _SFRA_IQ_Q22_Q16Round           
1     00009b0a  _SFRA_IQ_pointer                
1     00009b0c  _SFRA_IQ_step                   
1     00009b0e  _SFRA_IQ_uCosSum                
1     00009b10  _SFRA_IQ_ySinSum                
1     00009b12  _SFRA_IQ_rCosSum                
1     00009b14  _SFRA_IQ_uSinSum                
1     00009b16  _SFRA_IQ_rSinSum                
1     00009b18  _SFRA_IQ_reference              
1     00009b1a  _SFRA_IQ_tableptr               
1     00009b1c  _SFRA_IQ_tableptrStart          
1     00009b1e  _SFRA_IQ_yCosSum                
1     003d7e80  _PartIdRegs                     
1     003f7ff8  _CsmPwl                         
abs   00000300  __STACK_SIZE                    
abs   ffffffff  ___TI_pprof_out_hndl            
abs   ffffffff  ___TI_prof_data_size            
abs   ffffffff  ___TI_prof_data_start           
abs   ffffffff  ___binit__                      
abs   ffffffff  ___c_args__                     
abs   ffffffff  ___pinit__                      
abs   ffffffff  binit                           
abs   ffffffff  pinit                           

[647 symbols]
